******************************************************************************
                  TI ARM Linker PC v16.9.2                     
******************************************************************************
>> Linked Fri Mar 31 11:01:06 2017

OUTPUT FILE NAME:   <rfWsnDmConcentrator_CC1350_LAUNCHXL_tirtos_ccs.out>
ENTRY POINT SYMBOL: "ResetISR"  address: 0000a1bd


MEMORY CONFIGURATION

         name            origin    length      used     unused   attr    fill
----------------------  --------  ---------  --------  --------  ----  --------
  FLASH                 00000000   00020000  000104a4  0000fb5c  R  X
  SRAM                  20000000   00005000  00003e72  0000118e  RW X


SEGMENT ALLOCATION MAP

run origin  load origin   length   init length attrs members
----------  ----------- ---------- ----------- ----- -------
00000000    00000000    000005f8   000005f8    r--
  00000000    00000000    0000003c   0000003c    r-- .resetVecs
  00000040    00000040    000005b8   000005b8    r-- .cinit
00001000    00001000    0000fe64   0000fe64    r-x
  00001000    00001000    0000003c   0000003c    r-- .const:ti_sysbios_knl_Task_Object__PARAMS__C
  0000103c    0000103c    00000034   00000034    r-- .const:ti_sysbios_knl_Mailbox_Object__PARAMS__C
  00001070    00001070    00000030   00000030    r-- .const:ti_sysbios_family_arm_m3_Hwi_Object__PARAMS__C
  000010a0    000010a0    0000002c   0000002c    r-- .const:ti_sysbios_hal_Hwi_Object__PARAMS__C
  000010cc    000010cc    00000028   00000028    r-- .const:ti_sysbios_heaps_HeapMem_Module__FXNS__C
  000010f4    000010f4    00000028   00000028    r-- .const:ti_sysbios_knl_Swi_Object__PARAMS__C
  0000111c    0000111c    00000024   00000024    r-- .const:ti_sysbios_gates_GateHwi_Module__FXNS__C
  00001140    00001140    00000024   00000024    r-- .const:ti_sysbios_gates_GateMutex_Module__FXNS__C
  00001164    00001164    00000024   00000024    r-- .const:ti_sysbios_heaps_HeapMem_Object__PARAMS__C
  00001188    00001188    00000024   00000024    r-- .const:ti_sysbios_knl_Clock_Object__PARAMS__C
  000011ac    000011ac    00000024   00000024    r-- .const:ti_sysbios_knl_Semaphore_Object__PARAMS__C
  000011d0    000011d0    00000020   00000020    r-- .const:ti_sysbios_family_arm_m3_Hwi_Object__DESC__C
  000011f0    000011f0    00000020   00000020    r-- .const:ti_sysbios_gates_GateHwi_Object__DESC__C
  00001210    00001210    00000020   00000020    r-- .const:ti_sysbios_gates_GateMutex_Object__DESC__C
  00001230    00001230    00000020   00000020    r-- .const:ti_sysbios_hal_Hwi_Object__DESC__C
  00001250    00001250    00000020   00000020    r-- .const:ti_sysbios_heaps_HeapMem_Object__DESC__C
  00001270    00001270    00000020   00000020    r-- .const:ti_sysbios_knl_Clock_Object__DESC__C
  00001290    00001290    00000020   00000020    r-- .const:ti_sysbios_knl_Mailbox_Object__DESC__C
  000012b0    000012b0    00000020   00000020    r-- .const:ti_sysbios_knl_Queue_Object__DESC__C
  000012d0    000012d0    00000020   00000020    r-- .const:ti_sysbios_knl_Semaphore_Object__DESC__C
  000012f0    000012f0    00000020   00000020    r-- .const:ti_sysbios_knl_Swi_Object__DESC__C
  00001310    00001310    00000020   00000020    r-- .const:ti_sysbios_knl_Task_Object__DESC__C
  00001330    00001330    00000018   00000018    r-- .const:ti_sysbios_gates_GateHwi_Object__PARAMS__C
  00001348    00001348    00000018   00000018    r-- .const:ti_sysbios_gates_GateMutex_Object__PARAMS__C
  00001360    00001360    00000018   00000018    r-- .const:ti_sysbios_knl_Queue_Object__PARAMS__C
  00001378    00001378    00000008   00000008    r-- .const:ti_sysbios_knl_Idle_funcList__C
  00001384    00001384    00000004   00000004    r-- .const:ti_sysbios_family_arm_cc26xx_Timer_startupNeeded__C
  00001388    00001388    00000004   00000004    r-- .const:ti_sysbios_family_arm_m3_Hwi_E_alreadyDefined__C
  0000138c    0000138c    00000004   00000004    r-- .const:ti_sysbios_family_arm_m3_Hwi_E_hwiLimitExceeded__C
  00001390    00001390    00000004   00000004    r-- .const:ti_sysbios_family_arm_m3_Hwi_NUM_INTERRUPTS__C
  00001394    00001394    00000004   00000004    r-- .const:ti_sysbios_family_arm_m3_Hwi_Object__count__C
  00001398    00001398    00000004   00000004    r-- .const:ti_sysbios_family_arm_m3_Hwi_Object__table__C
  0000139c    0000139c    00000004   00000004    r-- .const:ti_sysbios_family_arm_m3_Hwi_ccr__C
  000013a0    000013a0    00000004   00000004    r-- .const:ti_sysbios_family_arm_m3_Hwi_excHandlerFunc__C
  000013a4    000013a4    00000004   00000004    r-- .const:ti_sysbios_family_arm_m3_Hwi_nullIsrFunc__C
  000013a8    000013a8    00000004   00000004    r-- .const:ti_sysbios_family_arm_m3_Hwi_numSparseInterrupts__C
  000013ac    000013ac    00000004   00000004    r-- .const:ti_sysbios_family_arm_m3_Hwi_priGroup__C
  000013b0    000013b0    00000004   00000004    r-- .const:ti_sysbios_family_arm_m3_TaskSupport_stackAlignment__C
  000013b4    000013b4    00000004   00000004    r-- .const:ti_sysbios_heaps_HeapMem_E_memory__C
  000013b8    000013b8    00000004   00000004    r-- .const:ti_sysbios_heaps_HeapMem_Module__gateObj__C
  000013bc    000013bc    00000004   00000004    r-- .const:ti_sysbios_heaps_HeapMem_Object__count__C
  000013c0    000013c0    00000004   00000004    r-- .const:ti_sysbios_heaps_HeapMem_Object__table__C
  000013c4    000013c4    00000004   00000004    r-- .const:ti_sysbios_heaps_HeapMem_reqAlign__C
  000013c8    000013c8    00000004   00000004    r-- .const:ti_sysbios_knl_Clock_serviceMargin__C
  000013cc    000013cc    00000004   00000004    r-- .const:ti_sysbios_knl_Mailbox_Object__count__C
  000013d0    000013d0    00000004   00000004    r-- .const:ti_sysbios_knl_Mailbox_Object__table__C
  000013d4    000013d4    00000004   00000004    r-- .const:ti_sysbios_knl_Mailbox_maxTypeAlign__C
  000013d8    000013d8    00000004   00000004    r-- .const:ti_sysbios_knl_Queue_Object__count__C
  000013dc    000013dc    00000004   00000004    r-- .const:ti_sysbios_knl_Queue_Object__table__C
  000013e0    000013e0    00000004   00000004    r-- .const:ti_sysbios_knl_Swi_Object__count__C
  000013e4    000013e4    00000004   00000004    r-- .const:ti_sysbios_knl_Swi_Object__table__C
  000013e8    000013e8    00000004   00000004    r-- .const:ti_sysbios_knl_Swi_numPriorities__C
  000013ec    000013ec    00000004   00000004    r-- .const:ti_sysbios_knl_Task_Object__count__C
  000013f0    000013f0    00000004   00000004    r-- .const:ti_sysbios_knl_Task_Object__table__C
  000013f4    000013f4    00000004   00000004    r-- .const:ti_sysbios_knl_Task_allBlockedFunc__C
  000013f8    000013f8    00000004   00000004    r-- .const:ti_sysbios_knl_Task_defaultStackHeap__C
  000013fc    000013fc    00000004   00000004    r-- .const:ti_sysbios_knl_Task_defaultStackSize__C
  00001400    00001400    00000004   00000004    r-- .const:ti_sysbios_knl_Task_numConstructedTasks__C
  00001406    00001406    00000002   00000002    r-- .const:ti_sysbios_family_arm_cc26xx_Timer_Module__id__C
  00001408    00001408    00000002   00000002    r-- .const:ti_sysbios_family_arm_cc26xx_TimestampProvider_useClockTimer__C
  0000140a    0000140a    00000002   00000002    r-- .const:ti_sysbios_family_arm_m3_Hwi_Module__id__C
  0000140c    0000140c    00000002   00000002    r-- .const:ti_sysbios_gates_GateHwi_Module__id__C
  0000140e    0000140e    00000002   00000002    r-- .const:ti_sysbios_gates_GateMutex_Module__id__C
  00001410    00001410    00000002   00000002    r-- .const:ti_sysbios_heaps_HeapMem_Module__id__C
  00001412    00001412    00000002   00000002    r-- .const:ti_sysbios_knl_Task_initStackFlag__C
  00001414    00001414    00000001   00000001    r-- .const:ti_sysbios_knl_Clock_tickMode__C
  00001418    00001418    00000008   00000008    r-- .const:xdc_runtime_Startup_firstFxns__C
  00001420    00001420    00000008   00000008    r-- .const:xdc_runtime_Startup_lastFxns__C
  00001428    00001428    00000004   00000004    r-- .const:xdc_runtime_Assert_E_assertFailed__C
  0000142c    0000142c    00000004   00000004    r-- .const:xdc_runtime_Error_E_memory__C
  00001430    00001430    00000004   00000004    r-- .const:xdc_runtime_Error_policyFxn__C
  00001434    00001434    00000004   00000004    r-- .const:xdc_runtime_IGateProvider_Interface__BASE__C
  00001438    00001438    00000004   00000004    r-- .const:xdc_runtime_IHeap_Interface__BASE__C
  0000143c    0000143c    00000004   00000004    r-- .const:xdc_runtime_IModule_Interface__BASE__C
  00001440    00001440    00000004   00000004    r-- .const:xdc_runtime_Main_Module__diagsEnabled__C
  00001444    00001444    00000004   00000004    r-- .const:xdc_runtime_Main_Module__diagsIncluded__C
  00001448    00001448    00000004   00000004    r-- .const:xdc_runtime_Main_Module__diagsMask__C
  0000144c    0000144c    00000004   00000004    r-- .const:xdc_runtime_Memory_defaultHeapInstance__C
  00001450    00001450    00000004   00000004    r-- .const:xdc_runtime_Startup_execImpl__C
  00001454    00001454    00000004   00000004    r-- .const:xdc_runtime_Startup_maxPasses__C
  00001458    00001458    00000004   00000004    r-- .const:xdc_runtime_Startup_sfxnRts__C
  0000145c    0000145c    00000004   00000004    r-- .const:xdc_runtime_Startup_sfxnTab__C
  00001460    00001460    00000004   00000004    r-- .const:xdc_runtime_Startup_startModsFxn__C
  00001464    00001464    00000004   00000004    r-- .const:xdc_runtime_SysCallback_abortFxn__C
  00001468    00001468    00000004   00000004    r-- .const:xdc_runtime_SysCallback_exitFxn__C
  0000146c    0000146c    00000004   00000004    r-- .const:xdc_runtime_System_abortFxn__C
  00001470    00001470    00000004   00000004    r-- .const:xdc_runtime_System_exitFxn__C
  00001474    00001474    00000004   00000004    r-- .const:xdc_runtime_System_maxAtexitHandlers__C
  00001478    00001478    00000004   00000004    r-- .const:xdc_runtime_Text_charTab__C
  0000147c    0000147c    00000004   00000004    r-- .const:xdc_runtime_Text_nameEmpty__C
  00001480    00001480    00000004   00000004    r-- .const:xdc_runtime_Text_nameStatic__C
  00001484    00001484    00000004   00000004    r-- .const:xdc_runtime_Text_nameUnknown__C
  00001488    00001488    00000002   00000002    r-- .const:xdc_runtime_Main_Module__id__C
  0000148a    0000148a    00000002   00000002    r-- .const:xdc_runtime_Memory_Module__id__C
  0000148c    0000148c    00000002   00000002    r-- .const:xdc_runtime_Text_charCnt__C
  0000148e    0000148e    00000002   00000002    r-- .const:xdc_runtime_Text_isLoaded__C
  00001490    00001490    00000001   00000001    r-- .const:xdc_runtime_Error_policy__C
  00001494    00001494    00000004   00000004    r-- .const:ti_sysbios_rom_ROM_AONRTCChannelEnable
  00001498    00001498    00000004   00000004    r-- .const:ti_sysbios_rom_ROM_AONRTCCompareValueSet
  0000149c    0000149c    00000004   00000004    r-- .const:ti_sysbios_rom_ROM_AONRTCCurrentCompareValueGet
  000014a0    000014a0    00000004   00000004    r-- .const:ti_sysbios_rom_ROM_AONRTCEventClear
  000014a4    000014a4    00000004   00000004    r-- .const:ti_sysbios_rom_ROM_ti_sysbios_family_arm_cc26xx_Timer_getCount64__E
  000014a8    000014a8    00000004   00000004    r-- .const:ti_sysbios_rom_ROM_ti_sysbios_family_arm_cc26xx_Timer_getCurrentTick__E
  000014ac    000014ac    00000004   00000004    r-- .const:ti_sysbios_rom_ROM_ti_sysbios_family_arm_cc26xx_Timer_getMaxTicks__E
  000014b0    000014b0    00000004   00000004    r-- .const:ti_sysbios_rom_ROM_ti_sysbios_family_arm_cc26xx_Timer_initDevice__I
  000014b4    000014b4    00000004   00000004    r-- .const:ti_sysbios_rom_ROM_ti_sysbios_family_arm_cc26xx_Timer_setNextTick__E
  000014b8    000014b8    00000004   00000004    r-- .const:ti_sysbios_rom_ROM_ti_sysbios_family_arm_cc26xx_Timer_setThreshold__I
  000014bc    000014bc    00000004   00000004    r-- .const:ti_sysbios_rom_ROM_ti_sysbios_family_arm_cc26xx_Timer_start__E
  000014c0    000014c0    00000004   00000004    r-- .const:ti_sysbios_rom_ROM_ti_sysbios_family_arm_cc26xx_TimestampProvider_get32__E
  000014c4    000014c4    00000004   00000004    r-- .const:ti_sysbios_rom_ROM_xdc_runtime_Startup_getState__I
  000014c8    000014c8    00000004   00000004    r-- .const:ti_sysbios_rom_ROM_xdc_runtime_System_SupportProxy_abort__E
  000014cc    000014cc    00000004   00000004    r-- .const:ti_sysbios_rom_ROM_xdc_runtime_System_SupportProxy_exit__E
  000014d0    000014d0    00000004   00000004    r-- .const:ti_sysbios_gates_GateMutex_Instance_State_sem__O
  000014d4    000014d4    00000004   00000004    r-- .const:ti_sysbios_knl_Clock_Module_State_clockQ__O
  000014d8    000014d8    00000004   00000004    r-- .const:ti_sysbios_knl_Mailbox_Instance_State_dataQue__O
  000014dc    000014dc    00000004   00000004    r-- .const:ti_sysbios_knl_Mailbox_Instance_State_dataSem__O
  000014e0    000014e0    00000004   00000004    r-- .const:ti_sysbios_knl_Mailbox_Instance_State_freeQue__O
  000014e4    000014e4    00000004   00000004    r-- .const:ti_sysbios_knl_Mailbox_Instance_State_freeSem__O
  000014e8    000014e8    00000004   00000004    r-- .const:ti_sysbios_knl_Semaphore_Instance_State_pendQ__O
  000014ec    000014ec    00000004   00000004    r-- .const:ti_sysbios_knl_Task_Module_State_inactiveQ__O
  000014f0    000014f0    0000a830   0000a830    r-x .text
  0000bd20    0000bd20    00005144   00005144    r-- .const
0001ffa8    0001ffa8    00000058   00000058    r--
  0001ffa8    0001ffa8    00000058   00000058    r-- .ccfg
20000100    20000100    00000104   00000000    rw-
  20000100    20000100    00000044   00000000    rw- .data:ti_sysbios_knl_Task_Module__state__V
  20000144    20000144    00000034   00000000    rw- .data:ti_sysbios_family_arm_m3_Hwi_Module__state__V
  20000178    20000178    0000002c   00000000    rw- .data:ti_sysbios_knl_Clock_Module__state__V
  200001a4    200001a4    00000024   00000000    rw- .data:ti_sysbios_BIOS_Module__state__V
  200001c8    200001c8    0000001c   00000000    rw- .data:ti_sysbios_knl_Swi_Module__state__V
  200001e4    200001e4    00000008   00000000    rw- .data:ti_sysbios_family_arm_cc26xx_Timer_Module__state__V
  200001ec    200001ec    00000004   00000000    rw- .data:ti_sysbios_family_arm_cc26xx_TimestampProvider_Module__state__V
  200001f0    200001f0    00000008   00000000    rw- .data:xdc_runtime_Startup_Module__state__V
  200001f8    200001f8    00000008   00000000    rw- .data:xdc_runtime_System_Module__state__V
  20000200    20000200    00000004   00000000    rw- .data:xdc_runtime_Memory_Module__state__V
20000430    20000430    00000010   00000000    rw-
  20000430    20000430    00000010   00000000    rw- .TI.bound:dmaSpi0RxControlTableEntry
20000440    20000440    00000010   00000000    rw-
  20000440    20000440    00000010   00000000    rw- .TI.bound:dmaSpi0TxControlTableEntry
20000500    20000500    00000010   00000000    rw-
  20000500    20000500    00000010   00000000    rw- .TI.bound:dmaSpi1RxControlTableEntry
20000510    20000510    00001b52   00000000    rw-
  20000510    20000510    00000010   00000000    rw- .TI.bound:dmaSpi1TxControlTableEntry
  20000520    20000520    00001b42   00000000    rw- .bss
20002068    20002068    00001000   00000000    r--
  20002068    20002068    00001000   00000000    r-- .priheap
20003068    20003068    00000d24   00000000    rw-
  20003068    20003068    00000d24   00000000    rw- .data
20004c00    20004c00    00000400   00000000    rw-
  20004c00    20004c00    00000400   00000000    rw- .stack


SECTION ALLOCATION MAP

 output                                  attributes/
section   page    origin      length       input sections
--------  ----  ----------  ----------   ----------------
.text      0    000014f0    0000a830     
                  000014f0    00000434     rf_multiMode_cc13x0.aem3 : RFCC26XX_multiMode.oem3 (.text:fsmActiveState)
                  00001924    000003c4     EasyLink.obj (.text:EasyLink_init)
                  00001ce8    0000033c     rom_sysbios.aem3 : rom_sysbios.obj (.text:xdc_runtime_System_doPrint__I)
                  00002024    0000030c     drivers_cc13x0.aem3 : PowerCC26XX_calibrateRCOSC.oem3 (.text:PowerCC26XX_auxISR)
                  00002330    000002d0     grlib.aem3 : string.oem3 (.text:Graphics_drawString)
                  00002600    000002c8     DmConcentratorTask.obj (.text:updateLcd)
                  000028c8    00000250     DmConcentratorRadioTask.obj (.text:concentratorRadioTaskFunction)
                  00002b18    0000024c     display.aem3 : DisplaySharp.oem3 (.text:DisplaySharp_open)
                  00002d64    00000228     driverlib.lib : sys_ctrl.obj (.text:NOROM_SysCtrlSetRechargeBeforePowerDown)
                  00002f8c    00000228     drivers_cc13x0.aem3 : PowerCC26XX.oem3 (.text:Power_sleep)
                  000031b4    000001f4     rtsv7M3_T_le_eabi.lib : ull_div_t2.obj (.text)
                  000033a8    000001f0     DmConcentratorRadioTask.obj (.text:sendBleAdvertisement)
                  00003598    000001dc     drivers_cc13x0.aem3 : SPICC26XXDMA.oem3 (.text:SPICC26XXDMA_transfer)
                  00003774    000001d0     SEB.obj (.text:SEB_initUrl)
                  00003944    000001b6     rtsv7M3_T_le_eabi.lib : fd_add_t2.obj (.text)
                  00003afa    00000002     display.aem3 : DisplaySharp.oem3 (.text:DisplaySharp_init)
                  00003afc    000001b4     drivers_cc13x0.aem3 : PINCC26XX.oem3 (.text:PIN_init)
                  00003cb0    000001a4     rf_multiMode_cc13x0.aem3 : RFCC26XX_multiMode.oem3 (.text:fsmSetupState)
                  00003e54    000001a0     SimpleBeacon.obj (.text:SimpleBeacon_sendFrame)
                  00003ff4    00000198     drivers_cc13x0.aem3 : PowerCC26XX_calibrateRCOSC.oem3 (.text:PowerCC26XX_doCalibrate)
                  0000418c    00000198                         : UARTCC26XX.oem3 (.text:UARTCC26XX_open)
                  00004324    00000188     EasyLink.obj (.text:rxDoneCallback)
                  000044ac    00000170     EasyLink.obj (.text:EasyLink_receiveAsync)
                  0000461c    00000170     DmConcentratorTask.obj (.text:concentratorTaskFunction)
                  0000478c    00000168     release_pem3.oem3 (.text:xdc_runtime_System_printfExtend__I)
                  000048f4    00000160     EasyLink.obj (.text:enableTestMode)
                  00004a54    00000158     rf_multiMode_cc13x0.aem3 : RFCC26XX_multiMode.oem3 (.text:RF_postCmd)
                  00004bac    00000158     drivers_cc13x0.aem3 : SPICC26XXDMA.oem3 (.text:SPICC26XXDMA_initIO)
                  00004d04    00000154     rf_multiMode_cc13x0.aem3 : RFCC26XX_multiMode.oem3 (.text:radioOpDoneCb)
                  00004e58    00000150                              : RFCC26XX_multiMode.oem3 (.text:fsmChangePhyState)
                  00004fa8    00000150     smartrf_settings_predefined.obj (.text:rf_patch_mce_genook)
                  000050f8    00000150     smartrf_settings_ble.obj (.text:rf_patch_rfe_ble)
                  00005248    00000148     drivers_cc13x0.aem3 : SPICC26XXDMA.oem3 (.text:SPICC26XXDMA_open)
                  00005390    0000013c     EasyLink.obj (.text:EasyLink_transmit)
                  000054cc    00000134     drivers_cc13x0.aem3 : PowerCC26XX.oem3 (.text:Power_init)
                  00005600    00000130     driverlib.lib : setup_rom.obj (.text:NOROM_SetupAfterColdResetWakeupFromShutDownCfg3)
                  00005730    00000130     rf_multiMode_cc13x0.aem3 : RFCC26XX_multiMode.oem3 (.text:rf_init)
                  00005860    00000128                              : RFCC26XX_multiMode.oem3 (.text:fsmPowerUpState)
                  00005988    00000128     smartrf_settings.obj (.text:rf_patch_rfe_genfsk)
                  00005ab0    00000128     smartrf_settings_predefined.obj (.text:rf_patch_rfe_genfsk)
                  00005bd8    00000128     smartrf_settings_predefined.obj (.text:rf_patch_rfe_lrm)
                  00005d00    00000128     smartrf_settings_predefined.obj (.text:rf_patch_rfe_sl_longrange)
                  00005e28    00000118     drivers_cc13x0.aem3 : UARTCC26XX.oem3 (.text:UARTCC26XX_read)
                  00005f40    00000114     smartrf_settings_predefined.obj (.text:rf_patch_mce_hsp_4mbps)
                  00006054    00000110     rf_multiMode_cc13x0.aem3 : RFCC26XX_multiMode.oem3 (.text:RF_close)
                  00006164    0000010c                              : RFCC26XX_multiMode.oem3 (.text:RF_open)
                  00006270    0000010c                              : RFCC26XX_multiMode.oem3 (.text:hwiFxnCpe0Active)
                  0000637c    0000010a     drivers_cc13x0.aem3 : UARTCC26XX.oem3 (.text:UARTCC26XX_hwiIntFxn)
                  00006486    00000002     display.aem3 : DisplayUart.oem3 (.text:DisplayUartMin_clear)
                  00006488    00000108     SEB.obj (.text:SEB_initTLM)
                  00006590    000000fc     drivers_cc13x0.aem3 : UARTCC26XX.oem3 (.text:UARTCC26XX_write)
                  0000668c    000000fc     rtsv7M3_T_le_eabi.lib : fd_mul_t2.obj (.text)
                  00006788    000000fc     DmConcentratorRadioTask.obj (.text:rxDoneCallback)
                  00006884    000000f0     driverlib.lib : setup_rom.obj (.text:NOROM_SetupAfterColdResetWakeupFromShutDownCfg2)
                  00006974    000000ec     lcd.aem3 : SharpGrLib.oem3 (.text:SharpGrLib_flush)
                  00006a60    000000e8     rom_sysbios.aem3 : rom_sysbios.obj (.text:ti_sysbios_knl_Event_pend__E)
                  00006b48    000000e2     lcd.aem3 : SharpGrLib.oem3 (.text:SharpGrLib_rectFill)
                  00006c2a    00000002     display.aem3 : DisplayUart.oem3 (.text:DisplayUartMin_clearLines)
                  00006c2c    000000e0     drivers_cc13x0.aem3 : SPICC26XXDMA.oem3 (.text:SPICC26XXDMA_transferCancel)
                  00006d0c    000000dc                         : PINCC26XX.oem3 (.text:PINCC26XX_setIoCfg)
                  00006de8    000000d8     EasyLink.obj (.text:EasyLink_enableRxAddrFilter)
                  00006ec0    000000d8     driverlib.lib : rfc.obj (.text:NOROM_RFCRTrim)
                  00006f98    000000d8     smartrf_settings_predefined.obj (.text:rf_patch_rfe_genook)
                  00007070    000000d8     smartrf_settings_predefined.obj (.text:rf_patch_rfe_hsp_4mbps)
                  00007148    000000d4     driverlib.lib : rfc.obj (.text:NOROM_RFCRfTrimRead)
                  0000721c    000000d0     dpl_cc13x0.aem3 : PowerCC26XX_tirtos.oem3 (.text:PowerCC26XX_standbyPolicy)
                  000072ec    000000d0     DmConcentratorTask.obj (.text:buttonCallback)
                  000073bc    000000cc     SEB.obj (.text:SEB_sendFrame)
                  00007488    000000c4     display.aem3 : DisplaySharp.oem3 (.text:DisplaySharp_control)
                  0000754c    000000c4     driverlib.lib : setup.obj (.text:TrimAfterColdResetWakeupFromShutDown)
                  00007610    000000c4     smartrf_settings_predefined.obj (.text:rf_patch_mce_sl_longrange)
                  000076d4    000000c0     EasyLink.obj (.text:EasyLink_setCtrl)
                  00007794    000000be     display.aem3 : DisplaySharp.oem3 (.text:DisplaySharp_vprintf)
                  00007852    00000002                  : DisplayUart.oem3 (.text:DisplayUartMin_init)
                  00007854    000000bc     DmConcentratorRadioTask.obj (.text:ConcentratorRadioTask_init)
                  00007910    000000bc     drivers_cc13x0.aem3 : PowerCC26XX.oem3 (.text:Power_releaseDependency)
                  000079cc    000000bc                         : UARTCC26XX.oem3 (.text:UARTCC26XX_initHw)
                  00007a88    000000b4                         : PowerCC26XX.oem3 (.text:Power_setDependency)
                  00007b3c    000000ac     lcd.aem3 : SharpGrLib.oem3 (.text:SharpGrLib_lineDrawH)
                  00007be8    000000a8     driverlib.lib : setup.obj (.text:NOROM_SetupTrimDevice)
                  00007c90    000000a8     rf_multiMode_cc13x0.aem3 : RFCC26XX_multiMode.oem3 (.text:RF_issueRadioFreeCb)
                  00007d38    000000a6     drivers_cc13x0.aem3 : SPICC26XXDMA.oem3 (.text:SPICC26XXDMA_hwiFxn)
                  00007dde    00000002     rf_multiMode_cc13x0.aem3 : RFCC26XX_multiMode.oem3 (.text:defaultErrCb)
                  00007de0    000000a4     driverlib.lib : setup_rom.obj (.text:NOROM_SetupAfterColdResetWakeupFromShutDownCfg1)
                  00007e84    000000a4     rf_multiMode_cc13x0.aem3 : RFCC26XX_multiMode.oem3 (.text:RF_dispatchCmd)
                  00007f28    000000a0     auto_init.aem3 : auto_init.oem3 (.text)
                  00007fc8    0000009c     rtsv7M3_T_le_eabi.lib : memcpy_t2.obj (.text)
                  00008064    0000009c     rf_multiMode_cc13x0.aem3 : RFCC26XX_multiMode.oem3 (.text:swiFxnHw)
                  00008100    00000098     drivers_cc13x0.aem3 : PINCC26XX.oem3 (.text:PIN_open)
                  00008198    00000098     lcd.aem3 : SharpGrLib.oem3 (.text:SharpGrLib_clearScreen)
                  00008230    00000098     drivers_cc13x0.aem3 : UARTCC26XX.oem3 (.text:UARTCC26XX_initIO)
                  000082c8    00000098     rf_multiMode_cc13x0.aem3 : RFCC26XX_multiMode.oem3 (.text:hwiFxnCpe0PowerFsm)
                  00008360    00000098     rom_sysbios.aem3 : rom_sysbios.obj (.text:ti_sysbios_knl_Clock_workFuncDynamic__E)
                  000083f8    00000094     drivers_cc13x0.aem3 : UARTCC26XX.oem3 (.text:writeFinishedDoCallback)
                  0000848c    00000090                         : SPICC26XXDMA.oem3 (.text:SPICC26XXDMA_control)
                  0000851c    0000008c     rf_multiMode_cc13x0.aem3 : RFCC26XX_multiMode.oem3 (.text:RF_pendCmd)
                  000085a8    0000008c     drivers_cc13x0.aem3 : UARTCC26XX.oem3 (.text:UARTCC26XX_close)
                  00008634    0000008c                         : UARTCC26XX.oem3 (.text:UARTCC26XX_writeCancel)
                  000086c0    0000008c     DmConcentratorTask.obj (.text:updateNode)
                  0000874c    00000088     drivers_cc13x0.aem3 : PowerCC26XX.oem3 (.text:disableLFClockQualifiers)
                  000087d4    00000086     rtsv7M3_T_le_eabi.lib : fd_cmp_t2.obj (.text:__aeabi_cdcmple)
                  0000885a    00000086                           : fd_cmp_t2.obj (.text:__aeabi_cdrcmple)
                  000088e0    00000084     grlib.aem3 : rectangle.oem3 (.text:Graphics_fillRectangle)
                  00008964    00000084     DmConcentratorTask.obj (.text:packetReceivedCallback)
                  000089e8    00000084     drivers_cc13x0.aem3 : PowerCC26XX.oem3 (.text:switchXOSCHFclockFunc)
                  00008a6c    0000007a     rtsv7M3_T_le_eabi.lib : memset_t2.obj (.text)
                  00008ae6    00000002     drivers_cc13x0.aem3 : PowerCC26XX.oem3 (.text:emptyClockFunc)
                  00008ae8    00000078     SimpleBeacon.obj (.text:SimpleBeacon_getIeeeAddr)
                  00008b60    00000078     drivers_cc13x0.aem3 : UARTCC26XX.oem3 (.text:writeTxFifoFlush)
                  00008bd8    00000074     driverlib.lib : setup_rom.obj (.text:NOROM_SetupSetVddrLevel)
                  00008c4c    00000074     rom_sysbios.aem3 : rom_sysbios.obj (.text:ti_sysbios_family_arm_cc26xx_Timer_start__E)
                  00008cc0    00000070                      : rom_sysbios.obj (.text:ti_sysbios_knl_Event_post__E)
                  00008d30    0000006d                      : rom_sysbios.obj (.text:xdc_runtime_System_formatNum__I)
                  00008d9d    00000001     --HOLE-- [fill = 0]
                  00008d9e    00000002     smartrf_settings_ble.obj (.text:enterBleSysPatch)
                  00008da0    0000006c     DmConcentratorTask.obj (.text:ConcentratorTask_init)
                  00008e0c    0000006c     drivers_cc13x0.aem3 : PowerCC26XX.oem3 (.text:PowerCC26XX_calibrate)
                  00008e78    0000006c                         : PowerCC26XX_calibrateRCOSC.oem3 (.text:PowerCC26XX_initiateCalibration)
                  00008ee4    0000006c                         : UDMACC26XX.oem3 (.text:UDMACC26XX_open)
                  00008f50    00000068     driverlib.lib : setup_rom.obj (.text:NOROM_SetupGetTrimForAmpcompCtrl)
                  00008fb8    00000068                   : setup_rom.obj (.text:NOROM_SetupGetTrimForAnabypassValue1)
                  00009020    00000068                   : sys_ctrl.obj (.text:NOROM_SysCtrl_DCDC_VoltageConditionalControl)
                  00009088    00000068     drivers_cc13x0.aem3 : UARTCC26XX.oem3 (.text:UARTCC26XX_readCancel)
                  000090f0    00000068     rtsv7M3_T_le_eabi.lib : copy_decompress_lzss.obj (.text:decompress:lzss)
                  00009158    00000068     rf_multiMode_cc13x0.aem3 : RFCC26XX_multiMode.oem3 (.text:fsmXOSCState)
                  000091c0    00000068                              : RFCC26XX_multiMode.oem3 (.text:syncCb)
                  00009228    00000064     driverlib.lib : osc.obj (.text:NOROM_OSCHF_AttemptToSwitchToXosc)
                  0000928c    00000064     drivers_cc13x0.aem3 : PINCC26XX.oem3 (.text:PIN_add)
                  000092f0    00000064     rf_multiMode_cc13x0.aem3 : RFCC26XX_multiMode.oem3 (.text:dispatchOpWhen)
                  00009354    00000060     driverlib.lib : osc.obj (.text:NOROM_OSCClockSourceSet)
                  000093b4    00000060     drivers_cc13x0.aem3 : UARTCC26XX.oem3 (.text:UARTCC26XX_control)
                  00009414    00000060     smartrf_settings.obj (.text:configureGenfskPatch)
                  00009474    00000060     smartrf_settings_predefined.obj (.text:configureGenfskPatch)
                  000094d4    00000060     smartrf_settings_predefined.obj (.text:configureGenookPatch)
                  00009534    00000060     smartrf_settings_predefined.obj (.text:configureLrmPatch)
                  00009594    00000060     smartrf_settings_predefined.obj (.text:configureSl_longrangePatch)
                  000095f4    00000060     drivers_cc13x0.aem3 : PowerCC26XX.oem3 (.text:configureXOSCHF)
                  00009654    0000005c     display.aem3 : Display.oem3 (.text:Display_doOpen)
                  000096b0    0000005c     driverlib.lib : sys_ctrl.obj (.text:NOROM_SysCtrlAdjustRechargeAfterPowerDown)
                  0000970c    0000005c     drivers_cc13x0.aem3 : PowerCC26XX_calibrateRCOSC.oem3 (.text:PowerCC26XX_RCOSC_clockFunc)
                  00009768    0000005c     rf_multiMode_cc13x0.aem3 : RFCC26XX_multiMode.oem3 (.text:ratChanFree)
                  000097c4    0000005c     rom_sysbios.aem3 : rom_sysbios.obj (.text:ti_sysbios_heaps_HeapMem_initPrimary__I)
                  00009820    0000005c     release_pem3.oem3 (.text:xdc_runtime_Startup_getState__I)
                  0000987c    0000005a     drivers_cc13x0.aem3 : SPICC26XXDMA.oem3 (.text:SPICC26XXDMA_close)
                  000098d6    00000002     smartrf_settings.obj (.text:enterGenfskSysPatch)
                  000098d8    00000058     drivers_cc13x0.aem3 : PINCC26XX.oem3 (.text:PIN_remove)
                  00009930    00000058                         : SPICC26XXDMA.oem3 (.text:SPICC26XXDMA_initHw)
                  00009988    00000058     SimpleBeacon.obj (.text:SimpleBeacon_init)
                  000099e0    00000058     rf_multiMode_cc13x0.aem3 : RFCC26XX_multiMode.oem3 (.text:applyRfCorePatch)
                  00009a38    00000058     DmConcentratorTask.obj (.text:isKnownNodeAddress)
                  00009a90    00000058     DmConcentratorRadioTask.obj (.text:sendAck)
                  00009ae8    00000056     display.aem3 : DisplayUart.oem3 (.text:DisplayUartMin_open)
                  00009b3e    00000002     smartrf_settings_predefined.obj (.text:enterGenfskSysPatch)
                  00009b40    00000054     rf_multiMode_cc13x0.aem3 : RFCC26XX_multiMode.oem3 (.text:RF_getCurrentTime)
                  00009b94    00000054     lcd.aem3 : SharpGrLib.oem3 (.text:SharpGrLib_lineDrawV)
                  00009be8    00000054     DmConcentratorTask.obj (.text:addNewNode)
                  00009c3c    00000054     rf_multiMode_cc13x0.aem3 : RFCC26XX_multiMode.oem3 (.text:hwiFxnHw)
                  00009c90    00000050     driverlib.lib : setup_rom.obj (.text:NOROM_SetupSetCacheModeAccordingToCcfgSetting)
                  00009ce0    00000050     drivers_cc13x0.aem3 : SPICC26XXDMA.oem3 (.text:SPICC26XXDMA_swiFxn)
                  00009d30    00000050                         : UARTCC26XX.oem3 (.text:startTxFifoEmptyClk)
                  00009d80    0000004c     display.aem3 : DisplaySharp.oem3 (.text:DisplaySharp_clearLines)
                  00009dcc    0000004c     rf_multiMode_cc13x0.aem3 : RFCC26XX_multiMode.oem3 (.text:RF_wakeupNotifyFxn)
                  00009e18    0000004c     SEB.obj (.text:SEB_initUID)
                  00009e64    0000004c     rtsv7M3_T_le_eabi.lib : cpy_tbl.obj (.text)
                  00009eb0    0000004a     display.aem3 : DisplaySharp.oem3 (.text:DisplaySharp_close)
                  00009efa    0000004a     grlib.aem3 : line.oem3 (.text:Graphics_drawLineH)
                  00009f44    00000048     drivers_cc13x0.aem3 : PINCC26XX.oem3 (.text:PIN_setOutputEnable)
                  00009f8c    00000048     rf_multiMode_cc13x0.aem3 : RFCC26XX_multiMode.oem3 (.text:RF_checkCmdFsError)
                  00009fd4    00000048     lcd.aem3 : SharpGrLib.oem3 (.text:SharpGrLib_drawMultiple)
                  0000a01c    00000048     rtsv7M3_T_le_eabi.lib : fd_toi_t2.obj (.text)
                  0000a064    00000046     display.aem3 : DisplayUart.oem3 (.text:DisplayUartMin_vprintf)
                  0000a0aa    00000002     smartrf_settings_predefined.obj (.text:enterGenookSysPatch)
                  0000a0ac    00000044     drivers_cc13x0.aem3 : PINCC26XX.oem3 (.text:PIN_swi)
                  0000a0f0    00000044     rf_multiMode_cc13x0.aem3 : RFCC26XX_multiMode.oem3 (.text:RF_releasePowerConstraint)
                  0000a134    00000044     drivers_cc13x0.aem3 : RingBuf.oem3 (.text:RingBuf_put)
                  0000a178    00000044                         : SPICC26XXDMA.oem3 (.text:SPICC26XXDMA_csnCallback)
                  0000a1bc    00000044     boot.aem3 : boot.oem3 (.text)
                  0000a200    00000044     drivers_cc13x0.aem3 : PowerCC26XX.oem3 (.text:notify)
                  0000a244    00000044     rtsv7M3_T_le_eabi.lib : fd_tou_t2.obj (.text)
                  0000a288    00000040     drivers_cc13x0.aem3 : PINCC26XX.oem3 (.text:PINCC26XX_getConfig)
                  0000a2c8    00000040                         : SPI.oem3 (.text:SPI_init)
                  0000a308    00000040                         : SPI.oem3 (.text:SPI_open)
                  0000a348    00000040     dpl_cc13x0.aem3 : SemaphoreP_tirtos.oem3 (.text:SemaphoreP_create)
                  0000a388    00000040     lcd.aem3 : SharpGrLib.oem3 (.text:SharpGrLib_pixelDraw)
                  0000a3c8    00000040     drivers_cc13x0.aem3 : UART.oem3 (.text:UART_init)
                  0000a408    00000040                         : UART.oem3 (.text:UART_open)
                  0000a448    00000040     smartrf_settings_ble.obj (.text:configureBlePatch)
                  0000a488    00000040     rtsv7M3_T_le_eabi.lib : u_divt2.obj (.text)
                  0000a4c8    0000003e     drivers_cc13x0.aem3 : RingBuf.oem3 (.text:RingBuf_get)
                  0000a506    00000002     smartrf_settings_predefined.obj (.text:enterLrmSysPatch)
                  0000a508    0000003c     driverlib.lib : chipinfo.obj (.text:NOROM_ChipInfo_GetHwRevision)
                  0000a544    0000003c                   : osc.obj (.text:NOROM_OSC_HPOSCRelativeFrequencyOffsetGet)
                  0000a580    0000003c                   : rfc.obj (.text:NOROM_RFCSynthPowerDown)
                  0000a5bc    0000003c     drivers_cc13x0.aem3 : PowerCC26XX.oem3 (.text:PowerCC26XX_isStableXOSC_HF)
                  0000a5f8    0000003c                         : PowerCC26XX.oem3 (.text:PowerCC26XX_switchXOSC_HF)
                  0000a634    0000003c     rf_multiMode_cc13x0.aem3 : RFCC26XX_multiMode.oem3 (.text:RF_runCmd)
                  0000a670    00000038     drivers_cc13x0.aem3 : PINCC26XX.oem3 (.text:PIN_setOutputValue)
                  0000a6a8    00000038     rf_multiMode_cc13x0.aem3 : RFCC26XX_multiMode.oem3 (.text:Q_end)
                  0000a6e0    00000038     drivers_cc13x0.aem3 : UARTCC26XX.oem3 (.text:UARTCC26XX_swiIntFxn)
                  0000a718    00000038                         : UARTCC26XX.oem3 (.text:readData)
                  0000a750    00000038     rtsv7M3_T_le_eabi.lib : fs_tod_t2.obj (.text)
                  0000a788    00000038     drivers_cc13x0.aem3 : UARTCC26XX.oem3 (.text:writeData)
                  0000a7c0    00000036                         : UDMACC26XX.oem3 (.text:UDMACC26XX_close)
                  0000a7f6    00000036     rtsv7M3_T_le_eabi.lib : strncpy.obj (.text)
                  0000a82c    00000034     CC1350_LAUNCHXL.obj (.text:CC1350_LAUNCHXL_initGeneral)
                  0000a860    00000034     driverlib.lib : osc.obj (.text:NOROM_OSCHF_SwitchToRcOscTurnOffXosc)
                  0000a894    00000034     drivers_cc13x0.aem3 : PINCC26XX.oem3 (.text:PIN_setConfig)
                  0000a8c8    00000034                         : PINCC26XX.oem3 (.text:PIN_setInterrupt)
                  0000a8fc    00000034                         : PowerCC26XX.oem3 (.text:Power_releaseConstraint)
                  0000a930    00000034     rf_multiMode_cc13x0.aem3 : RFCC26XX_multiMode.oem3 (.text:Q_push)
                  0000a964    00000034     rom_sysbios.aem3 : rom_sysbios.obj (.text:ti_sysbios_family_arm_cc26xx_Timer_initDevice__I)
                  0000a998    00000032                      : rom_sysbios.obj (.text:ti_sysbios_family_arm_cc26xx_Timer_setNextTick__E)
                  0000a9ca    00000002     smartrf_settings_predefined.obj (.text:enterSl_longrangeSysPatch)
                  0000a9cc    00000030     driverlib.lib : chipinfo.obj (.text:NOROM_ChipInfo_GetChipType)
                  0000a9fc    00000030                   : setup_rom.obj (.text:NOROM_SetupSetAonRtcSubSecInc)
                  0000aa2c    00000030     drivers_cc13x0.aem3 : PowerCC26XX.oem3 (.text:Power_setConstraint)
                  0000aa5c    00000030     rf_multiMode_cc13x0.aem3 : RFCC26XX_multiMode.oem3 (.text:clkPowerUpFxn)
                  0000aa8c    00000030     drivers_cc13x0.aem3 : UARTCC26XX.oem3 (.text:readData2RingBuf)
                  0000aabc    00000030     release_pem3.oem3 (.text:ti_sysbios_BIOS_atExitFunc__I)
                  0000aaec    00000030     release_pem3.oem3 (.text:ti_sysbios_BIOS_startFunc__I)
                  0000ab1c    00000030     rom_sysbios.aem3 : rom_sysbios.obj (.text:ti_sysbios_family_arm_cc26xx_Timer_getCurrentTick__E)
                  0000ab4c    00000030                      : rom_sysbios.obj (.text:ti_sysbios_family_arm_cc26xx_Timer_setThreshold__I)
                  0000ab7c    0000002e     lcd.aem3 : SharpGrLib.oem3 (.text:SharpGrLib_initializeDisplayBuffer)
                  0000abaa    0000002e     rtsv7M3_T_le_eabi.lib : i_tofd_t2.obj (.text)
                  0000abd8    0000002c     display.aem3 : DisplaySharp.oem3 (.text:DisplaySharp_clear)
                  0000ac04    0000002c     driverlib.lib : ddi.obj (.text:NOROM_DDI32RegWrite)
                  0000ac30    0000002c                   : osc.obj (.text:NOROM_OSCClockSourceGet)
                  0000ac5c    0000002c                   : rfc.obj (.text:NOROM_RFCCPEPatchReset)
                  0000ac88    0000002c                   : setup_rom.obj (.text:NOROM_SetupGetTrimForRadcExtCfg)
                  0000acb4    0000002c     drivers_cc13x0.aem3 : PINCC26XX.oem3 (.text:PINCC26XX_setMux)
                  0000ace0    0000002c     EasyLink.obj (.text:asyncCmdCallback)
                  0000ad0c    0000002c     rf_multiMode_cc13x0.aem3 : RFCC26XX_multiMode.oem3 (.text:getCmd)
                  0000ad38    0000002c     rom_sysbios.aem3 : rom_sysbios.obj (.text:ti_sysbios_knl_Clock_getTicksUntilInterrupt__E)
                  0000ad64    0000002c     release_pem3.oem3 (.text:ti_sysbios_knl_Event_construct)
                  0000ad90    0000002c     rom_sysbios.aem3 : rom_sysbios.obj (.text:ti_sysbios_knl_Event_pendTimeout__I)
                  0000adbc    0000002a     display.aem3 : Display.oem3 (.text:Display_doPrintf)
                  0000ade6    0000002a     rom_sysbios.aem3 : rom_sysbios.obj (.text:xdc_runtime_System_putchar__I)
                  0000ae10    00000028     display.aem3 : Display.oem3 (.text:Display_doInit)
                  0000ae38    00000028     driverlib.lib : aon_batmon.obj (.text:NOROM_AONBatMonTemperatureGetDegC)
                  0000ae60    00000028     drivers_cc13x0.aem3 : PowerCC26XX.oem3 (.text:Power_registerNotify)
                  0000ae88    00000028                         : SPICC26XXDMA.oem3 (.text:SPICC26XXDMA_flushFifos)
                  0000aeb0    00000028     driverlib.lib : adi.obj (.text:SafeHapiVoid)
                  0000aed8    00000028     rtsv7M3_T_le_eabi.lib : strncmp.obj (.text)
                  0000af00    00000024     DmConcentratorRadioTask.obj (.text:ConcentratorRadioTask_setAdvertiser)
                  0000af24    00000024     drivers_cc13x0.aem3 : PINCC26XX.oem3 (.text:PINCC26XX_getPinCount)
                  0000af48    00000024     rf_multiMode_cc13x0.aem3 : RFCC26XX_multiMode.oem3 (.text:allocCmd)
                  0000af6c    00000024     DmConcentratorRadioTask.obj (.text:notifyPacketReceived)
                  0000af90    00000024     release_pem3.oem3 (.text:ti_sysbios_BIOS_registerRTSLock__I)
                  0000afb4    00000024     release_pem3.oem3 (.text:ti_sysbios_BIOS_removeRTSLock__I)
                  0000afd8    00000024     rom_sysbios.aem3 : rom_sysbios.obj (.text:ti_sysbios_family_arm_cc26xx_Timer_getMaxTicks__E)
                  0000affc    00000022     grlib.aem3 : context.oem3 (.text:Graphics_initContext)
                  0000b01e    00000022     drivers_cc13x0.aem3 : List.oem3 (.text:List_put)
                  0000b040    00000022     rfWsnDmConcentrator.obj (.text:main)
                  0000b062    00000002     rtsv7M3_T_le_eabi.lib : i_div0.obj (.text)
                  0000b064    00000020     driverlib.lib : rfc.obj (.text:NOROM_RFCAdi3VcoLdoVoltageMode)
                  0000b084    00000020                   : rfc.obj (.text:NOROM_RFCDoorbellSendTo)
                  0000b0a4    00000020                   : setup_rom.obj (.text:NOROM_SetupGetTrimForXoscHfCtl)
                  0000b0c4    00000020     drivers_cc13x0.aem3 : PowerCC26XX.oem3 (.text:Power_unregisterNotify)
                  0000b0e4    00000020     release_pem3.oem3 (.text:ti_sysbios_BIOS_rtsLock__I)
                  0000b104    00000020     rom_sysbios.aem3 : rom_sysbios.obj (.text:ti_sysbios_family_arm_cc26xx_Timer_dynamicStub__E)
                  0000b124    00000020                      : rom_sysbios.obj (.text:ti_sysbios_knl_Clock_stop__E)
                  0000b144    00000020                      : rom_sysbios.obj (.text:ti_sysbios_knl_Event_checkEvents__I)
                  0000b164    00000020                      : rom_sysbios.obj (.text:xdc_runtime_Error_policyMin__E)
                  0000b184    0000001e     drivers_cc13x0.aem3 : PINCC26XX.oem3 (.text:PIN_close)
                  0000b1a2    0000001e                         : PowerCC26XX.oem3 (.text:Power_getTransitionLatency)
                  0000b1c0    0000001e     rtsv7M3_T_le_eabi.lib : ll_lsl_t2.obj (.text)
                  0000b1de    00000002     rom_sysbios.aem3 : rom_sysbios.obj (.text:ti_sysbios_BIOS_linkedWithIncorrectBootLibrary__E)
                  0000b1e0    0000001c     driverlib.lib : chipinfo.obj (.text:NOROM_ChipInfo_GetChipFamily)
                  0000b1fc    0000001c                   : setup_rom.obj (.text:NOROM_SetupGetTrimForAmpcompTh2)
                  0000b218    0000001c                   : setup_rom.obj (.text:NOROM_SetupGetTrimForRcOscLfRtuneCtuneTrim)
                  0000b234    0000001c     drivers_cc13x0.aem3 : PINCC26XX.oem3 (.text:PINCC26XX_setIoCfgMux)
                  0000b250    0000001c                         : PINCC26XX.oem3 (.text:PIN_hwi)
                  0000b26c    0000001c     rf_multiMode_cc13x0.aem3 : RFCC26XX_multiMode.oem3 (.text:RF_setPowerConstraint)
                  0000b288    0000001c                              : RFCC26XX_multiMode.oem3 (.text:clkInactivityFxn)
                  0000b2a4    0000001c     smartrf_settings_ble.obj (.text:enterBleCpePatch)
                  0000b2c0    0000001c     smartrf_settings.obj (.text:enterGenfskCpePatch)
                  0000b2dc    0000001c     smartrf_settings_predefined.obj (.text:enterGenfskCpePatch)
                  0000b2f8    0000001c     smartrf_settings_predefined.obj (.text:enterGenookCpePatch)
                  0000b314    0000001c     smartrf_settings_predefined.obj (.text:enterLrmCpePatch)
                  0000b330    0000001c     smartrf_settings_predefined.obj (.text:enterSl_longrangeCpePatch)
                  0000b34c    0000001c     rf_multiMode_cc13x0.aem3 : RFCC26XX_multiMode.oem3 (.text:hwiFxnCpe0ChangePhy)
                  0000b368    0000001a     grlib.aem3 : string.oem3 (.text:Graphics_getNumberOfLeadingZeros)
                  0000b382    00000002     release_pem3.oem3 (.text:ti_sysbios_BIOS_nullFunc__I)
                  0000b384    00000018     driverlib.lib : aon_rtc.obj (.text:NOROM_AONRTCCurrentCompareValueGet)
                  0000b39c    00000018                   : chipinfo.obj (.text:NOROM_ChipInfo_GetPackageType)
                  0000b3b4    00000018                   : osc.obj (.text:NOROM_OSCHF_TurnOnXosc)
                  0000b3cc    00000018                   : rfc.obj (.text:NOROM_RFCCpeIntGetAndClear)
                  0000b3e4    00000018                   : setup_rom.obj (.text:NOROM_SetupGetTrimForAdcShModeEn)
                  0000b3fc    00000018                   : setup_rom.obj (.text:NOROM_SetupGetTrimForAdcShVbufEn)
                  0000b414    00000018                   : setup_rom.obj (.text:NOROM_SetupGetTrimForAmpcompTh1)
                  0000b42c    00000018                   : setup_rom.obj (.text:NOROM_SetupGetTrimForDblrLoopFilterResetVoltage)
                  0000b444    00000018                   : setup_rom.obj (.text:NOROM_SetupGetTrimForRcOscLfIBiasTrim)
                  0000b45c    00000018                   : setup_rom.obj (.text:NOROM_SetupGetTrimForXoscLfRegulatorAndCmirrwrRatio)
                  0000b474    00000018     drivers_cc13x0.aem3 : PINCC26XX.oem3 (.text:PIN_getConfig)
                  0000b48c    00000018                         : PowerCC26XX.oem3 (.text:Power_idleFunc)
                  0000b4a4    00000018     lcd.aem3 : SharpGrLib.oem3 (.text:SharpGrLib_init)
                  0000b4bc    00000018     drivers_cc13x0.aem3 : UARTCC26XX.oem3 (.text:UARTCC26XX_init)
                  0000b4d4    00000018                         : UART.oem3 (.text:UART_Params_init)
                  0000b4ec    00000018                         : PowerCC26XX.oem3 (.text:configureRFCoreClocks)
                  0000b504    00000018     rtsv7M3_T_le_eabi.lib : args_main.obj (.text)
                  0000b51c    00000018                           : ll_mul_t2.obj (.text)
                  0000b534    00000018     rf_multiMode_cc13x0.aem3 : RFCC26XX_multiMode.oem3 (.text:swiFxnFsm)
                  0000b54c    00000018     release_pem3.oem3 (.text:ti_sysbios_BIOS_rtsUnlock__I)
                  0000b564    00000018     rom_sysbios.aem3 : rom_sysbios.obj (.text:ti_sysbios_knl_Clock_getTimeout__E)
                  0000b57c    00000018                      : rom_sysbios.obj (.text:ti_sysbios_knl_Swi_or__E)
                  0000b594    00000018     release_pem3.oem3 (.text:ti_sysbios_rom_cortexm_cc13xx_CC13xx_checkRevision__E)
                  0000b5ac    00000018     rom_sysbios.aem3 : rom_sysbios.obj (.text:xdc_runtime_Error_init__E)
                  0000b5c4    00000016     display.aem3 : DisplayUart.oem3 (.text:DisplayUartMin_close)
                  0000b5da    00000016     grlib.aem3 : display.oem3 (.text:Graphics_drawHorizontalLineOnDisplay)
                  0000b5f0    00000016     drivers_cc13x0.aem3 : List.oem3 (.text:List_remove)
                  0000b606    00000016     driverlib.lib : chipinfo.obj (.text:NOROM_ThisLibraryIsFor_CC13x0_HwRev20AndLater_HaltIfViolated)
                  0000b61c    00000016     rf_multiMode_cc13x0.aem3 : RFCC26XX_multiMode.oem3 (.text:Q_pop)
                  0000b632    00000016     release_pem3.oem3 (.text:ti_sysbios_BIOS_exitFunc__I)
                  0000b648    00000016     DmConcentratorRadioTask.obj (.text:ti_sysbios_knl_Event_Params_init)
                  0000b65e    00000016     DmConcentratorTask.obj (.text:ti_sysbios_knl_Event_Params_init)
                  0000b674    00000016     EasyLink.obj (.text:ti_sysbios_knl_Semaphore_Params_init)
                  0000b68a    00000016     DmConcentratorRadioTask.obj (.text:ti_sysbios_knl_Task_Params_init)
                  0000b6a0    00000016     DmConcentratorTask.obj (.text:ti_sysbios_knl_Task_Params_init)
                  0000b6b6    00000002     rom_sysbios.aem3 : rom_sysbios.obj (.text:ti_sysbios_knl_Clock_triggerFunc__I)
                  0000b6b8    00000014     DmConcentratorRadioTask.obj (.text:ConcentratorRadioTask_registerPacketReceivedCallback)
                  0000b6cc    00000014     driverlib.lib : aon_rtc.obj (.text:NOROM_AONRTCCurrent64BitValueGet)
                  0000b6e0    00000014     drivers_cc13x0.aem3 : PINCC26XX.oem3 (.text:PINCC26XX_getInputValue)
                  0000b6f4    00000014                         : PINCC26XX.oem3 (.text:PINCC26XX_getOutputValue)
                  0000b708    00000014     rf_multiMode_cc13x0.aem3 : RFCC26XX_multiMode.oem3 (.text:RF_Params_init)
                  0000b71c    00000014     drivers_cc13x0.aem3 : SPI.oem3 (.text:SPI_Params_init)
                  0000b730    00000014     rtsv7M3_T_le_eabi.lib : _lock.obj (.text)
                  0000b744    00000014                           : strlen.obj (.text)
                  0000b758    00000014     release_pem3.oem3 (.text:ti_sysbios_knl_Clock_doTick__I)
                  0000b76c    00000014     rom_sysbios.aem3 : rom_sysbios.obj (.text:ti_sysbios_knl_Event_Instance_init__E)
                  0000b780    00000012     drivers_cc13x0.aem3 : RingBuf.oem3 (.text:RingBuf_construct)
                  0000b792    00000012     dpl_cc13x0.aem3 : SemaphoreP_tirtos.oem3 (.text:SemaphoreP_pend)
                  0000b7a4    00000012     release_pem3.oem3 (.text:xdc_runtime_Startup_exec__I)
                  0000b7b6    00000002     release_pem3.oem3 (.text:ti_sysbios_rom_cortexm_cc13xx_CC13xx_badRomRevision__E)
                  0000b7b8    00000010     driverlib.lib : rfc.obj (.text:NOROM_RFCRfTrimSet)
                  0000b7c8    00000010                   : setup_rom.obj (.text:NOROM_SetupGetTrimForXoscHfFastStart)
                  0000b7d8    00000010                   : setup_rom.obj (.text:NOROM_SetupGetTrimForXoscHfIbiastherm)
                  0000b7e8    00000010     SEB.obj (.text:SEB_init)
                  0000b7f8    00000010     smartrf_settings_ble.obj (.text:applyBlePatch)
                  0000b808    00000010     smartrf_settings.obj (.text:applyGenfskPatch)
                  0000b818    00000010     smartrf_settings_predefined.obj (.text:applyGenfskPatch)
                  0000b828    00000010     smartrf_settings_predefined.obj (.text:applyGenookPatch)
                  0000b838    00000010     smartrf_settings_predefined.obj (.text:applyLrmPatch)
                  0000b848    00000010     smartrf_settings_predefined.obj (.text:applySl_longrangePatch)
                  0000b858    00000010     rom_sysbios.aem3 : rom_sysbios.obj (.text:ti_sysbios_family_arm_m3_Hwi_post__E)
                  0000b868    00000010     drivers_cc13x0.aem3 : UARTCC26XX.oem3 (.text:uartPostNotify)
                  0000b878    00000010     rom_sysbios.aem3 : rom_sysbios.obj (.text:xdc_runtime_SysCallback_putch__E)
                  0000b888    00000010                      : rom_sysbios.obj (.text:xdc_runtime_SysCallback_ready__E)
                  0000b898    00000010                      : rom_sysbios.obj (.text:xdc_runtime_System_vsnprintf__E)
                  0000b8a8    0000000e     grlib.aem3 : display.oem3 (.text:Graphics_drawPixelOnDisplay)
                  0000b8b6    0000000e                : context.oem3 (.text:Graphics_setBackgroundColor)
                  0000b8c4    0000000e                : context.oem3 (.text:Graphics_setForegroundColor)
                  0000b8d2    0000000e     driverlib.lib : vims.obj (.text:NOROM_VIMSModeGet)
                  0000b8e0    0000000e     drivers_cc13x0.aem3 : SPICC26XXDMA.oem3 (.text:SPICC26XXDMA_init)
                  0000b8ee    0000000e     dpl_cc13x0.aem3 : SemaphoreP_tirtos.oem3 (.text:SemaphoreP_delete)
                  0000b8fc    0000000e     rtsv7M3_T_le_eabi.lib : copy_decompress_none.obj (.text:decompress:none)
                  0000b90a    0000000e     rom_sysbios.aem3 : rom_sysbios.obj (.text:ti_sysbios_family_arm_cc26xx_TimestampProvider_get32__E)
                  0000b918    0000000c     display.aem3 : Display.oem3 (.text:Display_doClear)
                  0000b924    0000000c     rf_multiMode_cc13x0.aem3 : RFCC26XX_multiMode.oem3 (.text:FsmNextState)
                  0000b930    0000000c     drivers_cc13x0.aem3 : List.oem3 (.text:List_empty)
                  0000b93c    0000000c     driverlib.lib : cpu.obj (.text:NOROM_CPUcpsid)
                  0000b948    0000000c                   : cpu.obj (.text:NOROM_CPUcpsie)
                  0000b954    0000000c                   : osc.obj (.text:NOROM_OSC_HPOSCRelativeFrequencyOffsetToRFCoreFormatConvert)
                  0000b960    0000000c     drivers_cc13x0.aem3 : PINCC26XX.oem3 (.text:PIN_registerIntCb)
                  0000b96c    0000000c                         : PowerCC26XX.oem3 (.text:Power_getConstraintMask)
                  0000b978    0000000c                         : PowerCC26XX.oem3 (.text:Power_getDependencyCount)
                  0000b984    0000000c     rtsv7M3_T_le_eabi.lib : copy_zero_init.obj (.text:decompress:ZI)
                  0000b990    0000000c     drivers_cc13x0.aem3 : SPICC26XXDMA.oem3 (.text:spiPostNotify)
                  0000b99c    0000000c     release_pem3.oem3 (.text:ti_sysbios_knl_Event_Params__init__S)
                  0000b9a8    0000000c     DmConcentratorRadioTask.obj (.text:ti_sysbios_knl_Event_handle)
                  0000b9b4    0000000c     DmConcentratorTask.obj (.text:ti_sysbios_knl_Event_handle)
                  0000b9c0    0000000c     rom_sysbios.aem3 : rom_sysbios.obj (.text:ti_sysbios_knl_Swi_getTrigger__E)
                  0000b9cc    0000000c     release_pem3.oem3 (.text:xdc_runtime_Startup_reset__I)
                  0000b9d8    0000000c     rom_sysbios.aem3 : rom_sysbios.obj (.text:xdc_runtime_Startup_rtsDone__E)
                  0000b9e4    0000000a     grlib.aem3 : context.oem3 (.text:Graphics_clearDisplay)
                  0000b9ee    0000000a                : display.oem3 (.text:Graphics_clearDisplayOnDisplay)
                  0000b9f8    0000000a                : display.oem3 (.text:Graphics_fillRectangleOnDisplay)
                  0000ba02    0000000a                : display.oem3 (.text:Graphics_flushOnDisplay)
                  0000ba0c    0000000a                : display.oem3 (.text:Graphics_translateColorOnDisplay)
                  0000ba16    0000000a     drivers_cc13x0.aem3 : SPI.oem3 (.text:SPI_close)
                  0000ba20    0000000a                         : SPI.oem3 (.text:SPI_transfer)
                  0000ba2a    0000000a     dpl_cc13x0.aem3 : SemaphoreP_tirtos.oem3 (.text:SemaphoreP_Params_init)
                  0000ba34    0000000a                     : SemaphoreP_tirtos.oem3 (.text:SemaphoreP_post)
                  0000ba3e    0000000a     lcd.aem3 : SharpGrLib.oem3 (.text:SharpGrLib_colorTranslate)
                  0000ba48    0000000a     drivers_cc13x0.aem3 : UART.oem3 (.text:UART_close)
                  0000ba52    0000000a                         : UART.oem3 (.text:UART_control)
                  0000ba5c    0000000a                         : UART.oem3 (.text:UART_write)
                  0000ba66    0000000a                         : UDMACC26XX.oem3 (.text:UDMACC26XX_hwiIntFxn)
                  0000ba70    00000008     display.aem3 : DisplaySharp.oem3 (.text:DisplaySharp_getType)
                  0000ba78    00000008     drivers_cc13x0.aem3 : SPICC26XXDMA.oem3 (.text:SPICC26XXDMA_transferCallback)
                  0000ba80    00000008                         : UARTCC26XX.oem3 (.text:readSemCallback)
                  0000ba88    00000008     smartrf_settings_ble.obj (.text:rf_patch_cpe_ble)
                  0000ba90    00000008     smartrf_settings.obj (.text:rf_patch_cpe_genfsk)
                  0000ba98    00000008     smartrf_settings_predefined.obj (.text:rf_patch_cpe_genfsk)
                  0000baa0    00000008     smartrf_settings_predefined.obj (.text:rf_patch_cpe_genook)
                  0000baa8    00000008     smartrf_settings_predefined.obj (.text:rf_patch_cpe_lrm)
                  0000bab0    00000008     smartrf_settings_predefined.obj (.text:rf_patch_cpe_sl_longrange)
                  0000bab8    00000008     drivers_cc13x0.aem3 : UARTCC26XX.oem3 (.text:writeSemCallback)
                  0000bac0    00000006     display.aem3 : DisplayUart.oem3 (.text:DisplayUartMin_control)
                  0000bac6    00000006                  : DisplayUart.oem3 (.text:DisplayUartMin_getType)
                  0000bacc    00000006                  : Display.oem3 (.text:Display_doParamsInit)
                  0000bad2    00000006     grlib.aem3 : context.oem3 (.text:Graphics_flushBuffer)
                  0000bad8    00000006     driverlib.lib : cpu.obj (.text:NOROM_CPUdelay)
                  0000bade    00000006     drivers_cc13x0.aem3 : UARTCC26XX.oem3 (.text:UARTCC26XX_readPolling)
                  0000bae4    00000006                         : UARTCC26XX.oem3 (.text:UARTCC26XX_writePolling)
                  0000baea    00000006     rf_multiMode_cc13x0.aem3 : RFCC26XX_multiMode.oem3 (.text:clkReqAccessFxn)
                  0000baf0    00000006     rom_sysbios.aem3 : rom_sysbios.obj (.text:ti_sysbios_family_arm_m3_Hwi_setFunc__E)
                  0000baf6    00000004     dpl_cc13x0.aem3 : PowerCC26XX_tirtos.oem3 (.text:CPUwfi)
                  0000bafa    00000004     grlib.aem3 : context.oem3 (.text:Graphics_setFont)
                  0000bafe    00000004     dpl_cc13x0.aem3 : HwiP_tirtos.oem3 (.text:HwiP_disable)
                  0000bb02    00000004     drivers_cc13x0.aem3 : List.oem3 (.text:List_head)
                  0000bb06    00000004                         : List.oem3 (.text:List_next)
                  0000bb0a    00000004     rf_multiMode_cc13x0.aem3 : RFCC26XX_multiMode.oem3 (.text:Q_peek)
                  0000bb0e    00000004     dpl_cc13x0.aem3 : SystemP_tirtos.oem3 (.text:SystemP_vsnprintf)
                  0000bb12    00000004     drivers_cc13x0.aem3 : PowerCC26XX.oem3 (.text:nopResourceHandler)
                  0000bb16    00000004     rom_sysbios.aem3 : rom_sysbios.obj (.text:ti_sysbios_family_arm_cc26xx_Timer_getCount64__E)
                  0000bb1a    00000004                      : rom_sysbios.obj (.text:ti_sysbios_knl_Clock_isActive__E)
                  0000bb1e    00000004                      : rom_sysbios.obj (.text:xdc_runtime_SysCallback_defaultReady)
                  0000bb22    00000002                      : rom_sysbios.obj (.text:xdc_runtime_SysCallback_defaultAbort)
                  0000bb24    00000002                      : rom_sysbios.obj (.text:xdc_runtime_SysCallback_defaultExit)
                  0000bb26    00000002                      : rom_sysbios.obj (.text:xdc_runtime_SysCallback_defaultPutch)
                  0000bb28    00000008     (.tramp.xdc_runtime_Core_assignParams__I.1)
                  0000bb30    00000008     (.tramp.ti_sysbios_knl_Semaphore_delete.1)
                  0000bb38    00000008     (.tramp.xdc_runtime_Startup_startMods__I.1)
                  0000bb40    00000008     (.tramp.ti_sysbios_knl_Queue_construct.1)
                  0000bb48    00000008     (.tramp.ti_sysbios_knl_Clock_logTick__E.1)
                  0000bb50    00000008     (.tramp.ti_sysbios_knl_Task_Params__init__S.1)
                  0000bb58    00000008     (.tramp.ti_sysbios_knl_Clock_getTicks__E.1)
                  0000bb60    00000008     (.tramp.ti_sysbios_BIOS_RtsGateProxy_leave__E.1)
                  0000bb68    00000008     (.tramp.ti_sysbios_BIOS_RtsGateProxy_enter__E.1)
                  0000bb70    00000008     (.tramp.ti_sysbios_BIOS_start__E.1)
                  0000bb78    00000008     (.tramp.xdc_runtime_Core_constructObject__I.1)
                  0000bb80    00000008     (.tramp.ti_sysbios_knl_Task_startup__E.1)
                  0000bb88    00000008     (.tramp.ti_sysbios_knl_Swi_startup__E.1)
                  0000bb90    00000008     (.tramp.ti_sysbios_hal_Hwi_startup__E.1)
                  0000bb98    00000008     (.tramp.ti_sysbios_family_arm_cc26xx_Timer_startup__E.1)
                  0000bba0    00000008     (.tramp.xdc_runtime_System_atexit__E.1)
                  0000bba8    00000008     (.tramp.ti_sysbios_BIOS_setThreadType__E.1)
                  0000bbb0    00000008     (.tramp.xdc_runtime_System_exit__E.1)
                  0000bbb8    00000008     (.tramp.ti_sysbios_heaps_HeapMem_restore__E.1)
                  0000bbc0    00000008     (.tramp.ti_sysbios_heaps_HeapMem_Object__get__S.1)
                  0000bbc8    00000008     (.tramp.ti_sysbios_knl_Task_unblockI__E.1)
                  0000bbd0    00000008     (.tramp.ti_sysbios_knl_Queue_remove__E.1)
                  0000bbd8    00000008     (.tramp.ti_sysbios_knl_Queue_head__E.1)
                  0000bbe0    00000008     (.tramp.ti_sysbios_knl_Queue_empty__E.1)
                  0000bbe8    00000008     (.tramp.ti_sysbios_knl_Clock_scheduleNextTick__E.1)
                  0000bbf0    00000008     (.tramp.ti_sysbios_knl_Clock_walkQueueDynamic__E.1)
                  0000bbf8    00000008     (.tramp.ti_sysbios_knl_Clock_TimerProxy_getCurrentTick__E.1)
                  0000bc00    00000008     (.tramp.ti_sysbios_BIOS_getCpuFreq__E.1)
                  0000bc08    00000008     (.tramp.ti_sysbios_knl_Task_construct.1)
                  0000bc10    00000008     (.tramp.ti_sysbios_knl_Clock_removeI__E.1)
                  0000bc18    00000008     (.tramp.ti_sysbios_knl_Clock_startI__E.1)
                  0000bc20    00000008     (.tramp.ti_sysbios_knl_Task_blockI__E.1)
                  0000bc28    00000008     (.tramp.ti_sysbios_knl_Queue_enqueue__E.1)
                  0000bc30    00000008     (.tramp.ti_sysbios_knl_Task_self__E.1)
                  0000bc38    00000008     (.tramp.ti_sysbios_knl_Clock_addI__E.1)
                  0000bc40    00000008     (.tramp.ti_sysbios_family_arm_m3_Hwi_destruct.1)
                  0000bc48    00000008     (.tramp.ti_sysbios_knl_Swi_destruct.1)
                  0000bc50    00000008     (.tramp.ti_sysbios_knl_Clock_destruct.1)
                  0000bc58    00000008     (.tramp.ti_sysbios_knl_Semaphore_destruct.1)
                  0000bc60    00000008     (.tramp.ti_sysbios_knl_Swi_post__E.1)
                  0000bc68    00000008     (.tramp.ti_sysbios_family_arm_m3_Hwi_enableInterrupt__E.1)
                  0000bc70    00000008     (.tramp.ti_sysbios_knl_Clock_setTimeout__E.1)
                  0000bc78    00000008     (.tramp.ti_sysbios_knl_Clock_construct.1)
                  0000bc80    00000008     (.tramp.ti_sysbios_knl_Clock_Params__init__S.1)
                  0000bc88    00000008     (.tramp.ti_sysbios_knl_Clock_start__E.1)
                  0000bc90    00000008     (.tramp.xdc_runtime_System_abortSpin__E.1)
                  0000bc98    00000008     (.tramp.ti_sysbios_knl_Swi_construct.1)
                  0000bca0    00000008     (.tramp.ti_sysbios_knl_Swi_Params__init__S.1)
                  0000bca8    00000008     (.tramp.ti_sysbios_family_arm_m3_Hwi_construct.1)
                  0000bcb0    00000008     (.tramp.ti_sysbios_family_arm_m3_Hwi_Params__init__S.1)
                  0000bcb8    00000008     (.tramp.ti_sysbios_knl_Task_sleep__E.1)
                  0000bcc0    00000008     (.tramp.ti_sysbios_knl_Swi_restore__E.1)
                  0000bcc8    00000008     (.tramp.ti_sysbios_knl_Swi_disable__E.1)
                  0000bcd0    00000008     (.tramp.ti_sysbios_knl_Task_restore__E.1)
                  0000bcd8    00000008     (.tramp.ti_sysbios_knl_Task_disable__E.1)
                  0000bce0    00000008     (.tramp.ti_sysbios_knl_Semaphore_construct.1)
                  0000bce8    00000008     (.tramp.ti_sysbios_knl_Semaphore_Params__init__S.1)
                  0000bcf0    00000008     (.tramp.xdc_runtime_System_abort__E.1)
                  0000bcf8    00000008     (.tramp.ti_sysbios_knl_Semaphore_create.1)
                  0000bd00    00000008     (.tramp.ti_sysbios_knl_Semaphore_pend__E.1)
                  0000bd08    00000008     (.tramp.ti_sysbios_knl_Semaphore_post__E.1)
                  0000bd10    00000008     (.tramp.ti_sysbios_family_arm_m3_Hwi_restoreFxn__E.1)
                  0000bd18    00000008     (.tramp.ti_sysbios_family_arm_m3_Hwi_disableFxn__E.1)

.const     0    0000bd20    00005144     
                  0000bd20    0000073c     smartrf_settings_predefined.obj (.const:patchGenookMce)
                  0000c45c    000006b4     smartrf_settings.obj (.const:patchGenfskRfe)
                  0000cb10    000006b4     smartrf_settings_predefined.obj (.const:patchGenfskRfe)
                  0000d1c4    000006b4     smartrf_settings_predefined.obj (.const:patchLrmRfe)
                  0000d878    000006b4     smartrf_settings_predefined.obj (.const:patchSl_longrangeRfe)
                  0000df2c    000006a4     smartrf_settings_predefined.obj (.const:patchGenookRfe)
                  0000e5d0    00000504     smartrf_settings_predefined.obj (.const:patchHsp4mbpsRfe)
                  0000ead4    000004dc     smartrf_settings_ble.obj (.const:patchBleRfe)
                  0000efb0    00000400     smartrf_settings_predefined.obj (.const:patchSl_longrangeMce)
                  0000f3b0    000003f0     smartrf_settings_predefined.obj (.const:patchHsp4mbpsMce)
                  0000f7a0    000002f8     grlib.aem3 : fontfixed6x8.oem3 (.const:.string:g_pucFontFixed6x8Data)
                  0000fa98    000002b0     smartrf_settings.obj (.const:patchImageGenfsk)
                  0000fd48    000002b0     smartrf_settings_predefined.obj (.const:patchImageGenfsk)
                  0000fff8    000002b0     smartrf_settings_predefined.obj (.const:patchImageGenook)
                  000102a8    000002b0     smartrf_settings_predefined.obj (.const:patchImageLrm)
                  00010558    000002b0     smartrf_settings_predefined.obj (.const:patchImageSl_longrange)
                  00010808    0000011c     smartrf_settings_ble.obj (.const:patchImageBle)
                  00010924    000000c8     grlib.aem3 : fontfixed6x8.oem3 (.const:g_sFontFixed6x8)
                  000109ec    00000066     SEB.obj (.const:.string)
                  00010a52    0000004c     drivers_cc13x0.aem3 : PowerCC26XX.oem3 (.const:resourceDB)
                  00010a9e    00000002     release_pem3.oem3 (.const:xdc_runtime_Main_Module__loggerDefined__C)
                  00010aa0    00000048     release_pem3.oem3 (.const:.string)
                  00010ae8    00000040     drivers_cc13x0.aem3 : UARTCC26XX.oem3 (.const:$O1$$)
                  00010b28    00000038                         : SPICC26XXDMA.oem3 (.const:$O1$$)
                  00010b60    00000038     CC1350_LAUNCHXL.obj (.const:spiCC26XXDMAHWAttrs)
                  00010b98    00000034     CC1350_LAUNCHXL.obj (.const:BoardGpioInitTable)
                  00010bcc    00000028     drivers_cc13x0.aem3 : UARTCC26XX.oem3 (.const:UARTCC26XX_fxnTable)
                  00010bf4    00000024                         : UART.oem3 (.const:UART_defaultParams)
                  00010c18    00000024     release_pem3.oem3 (.const:xdc_runtime_Startup_sfxnTab__A)
                  00010c3c    00000020     display.aem3 : DisplaySharp.oem3 (.const:DisplaySharp_fxnTable)
                  00010c5c    00000020                  : DisplayUart.oem3 (.const:DisplayUartMin_fxnTable)
                  00010c7c    00000020     drivers_cc13x0.aem3 : SPI.oem3 (.const:SPI_defaultParams)
                  00010c9c    00000020     lcd.aem3 : SharpGrLib.oem3 (.const:g_sharpFxns)
                  00010cbc    00000020     release_pem3.oem3 (.const:ti_sysbios_knl_Event_Object__DESC__C)
                  00010cdc    00000020     CC1350_LAUNCHXL.obj (.const:uartCC26XXHWAttrs)
                  00010cfc    0000001c     rf_multiMode_cc13x0.aem3 : RFCC26XX_multiMode.oem3 (.const:RF_defaultParams)
                  00010d18    00000018     CC1350_LAUNCHXL.obj (.const:Display_config)
                  00010d30    00000018     drivers_cc13x0.aem3 : SPICC26XXDMA.oem3 (.const:SPICC26XXDMA_fxnTable)
                  00010d48    00000018     CC1350_LAUNCHXL.obj (.const:SPI_config)
                  00010d60    00000018     driverlib.lib : rfc.obj (.const:rfc_defaultIrqAddr)
                  00010d78    00000018     release_pem3.oem3 (.const:ti_sysbios_knl_Event_Object__PARAMS__C)
                  00010d90    00000014     CC1350_LAUNCHXL.obj (.const:displayUartHWAttrs)
                  00010da4    00000012     release_pem3.oem3 (.const:xdc_runtime_Startup_sfxnRts__A)
                  00010db6    00000001     display.aem3 : Display.oem3 (.const:Display_defaultParams)
                  00010db7    00000001     release_pem3.oem3 (.const:xdc_runtime_Text_charTab__A)
                  00010db8    00000010     SimpleBeacon.obj (.const:$P$T0$1)
                  00010dc8    00000010     lcd.aem3 : SharpGrLib.oem3 (.const:.string:referse_data)
                  00010dd8    00000010     CC1350_LAUNCHXL.obj (.const:PowerCC26XX_config)
                  00010de8    00000010     CC1350_LAUNCHXL.obj (.const:displaySharpHWattrs)
                  00010df8    0000000c     CC1350_LAUNCHXL.obj (.const:UART_config)
                  00010e04    0000000c     release_pem3.oem3 (.const:xdc_runtime_Startup_firstFxns__A)
                  00010e10    00000008     CC1350_LAUNCHXL.obj (.const)
                  00010e18    00000008     CC1350_LAUNCHXL.obj (.const:PINCC26XX_hwAttrs)
                  00010e20    00000008     CC1350_LAUNCHXL.obj (.const:UDMACC26XX_config)
                  00010e28    00000008     CC1350_LAUNCHXL.obj (.const:udmaHWAttrs)
                  00010e30    00000004     CC1350_LAUNCHXL.obj (.const:RFCC26XX_hwAttrs)
                  00010e34    00000004     release_pem3.oem3 (.const:ti_sysbios_heaps_HeapMem_primaryHeapBaseAddr__C)
                  00010e38    00000004     release_pem3.oem3 (.const:ti_sysbios_heaps_HeapMem_primaryHeapEndAddr__C)
                  00010e3c    00000004     release_pem3.oem3 (.const:ti_sysbios_knl_Clock_tickPeriod__C)
                  00010e40    00000004     release_pem3.oem3 (.const:ti_sysbios_knl_Clock_triggerClock__C)
                  00010e44    00000004     release_pem3.oem3 (.const:ti_sysbios_knl_Event_Instance_State_pendQ__O)
                  00010e48    00000004     release_pem3.oem3 (.const:ti_sysbios_knl_Idle_funcList__A)
                  00010e4c    00000004     release_pem3.oem3 (.const:xdc_runtime_Log_L_error__C)
                  00010e50    00000004     release_pem3.oem3 (.const:xdc_runtime_Main_Module__loggerFxn4__C)
                  00010e54    00000004     release_pem3.oem3 (.const:xdc_runtime_Main_Module__loggerObj__C)
                  00010e58    00000004     release_pem3.oem3 (.const:xdc_runtime_SysCallback_putchFxn__C)
                  00010e5c    00000004     release_pem3.oem3 (.const:xdc_runtime_SysCallback_readyFxn__C)
                  00010e60    00000004     release_pem3.oem3 (.const:xdc_runtime_System_extendFxn__C)

.cinit     0    00000040    000005b8     
                  00000040    0000043b     (.cinit..data.load) [load image, compression = lzss]
                  0000047b    00000028     (.cinit..data:ti_sysbios_family_arm_m3_Hwi_Module__state__V.load) [load image, compression = lzss]
                  000004a3    00000021     (.cinit..data:ti_sysbios_knl_Task_Module__state__V.load) [load image, compression = lzss]
                  000004c4    0000001e     (.cinit..data:ti_sysbios_BIOS_Module__state__V.load) [load image, compression = lzss]
                  000004e2    0000001e     (.cinit..data:ti_sysbios_knl_Clock_Module__state__V.load) [load image, compression = lzss]
                  00000500    00000010     (.cinit..data:ti_sysbios_knl_Swi_Module__state__V.load) [load image, compression = lzss]
                  00000510    0000000c     (__TI_handler_table)
                  0000051c    0000000b     (.cinit..data:ti_sysbios_family_arm_cc26xx_Timer_Module__state__V.load) [load image, compression = lzss]
                  00000527    0000000b     (.cinit..data:xdc_runtime_System_Module__state__V.load) [load image, compression = lzss]
                  00000532    00000006     --HOLE-- [fill = 0]
                  00000538    00000008     (.cinit..TI.bound:dmaSpi0RxControlTableEntry.load) [load image, compression = zero_init]
                  00000540    00000008     (.cinit..TI.bound:dmaSpi0TxControlTableEntry.load) [load image, compression = zero_init]
                  00000548    00000008     (.cinit..TI.bound:dmaSpi1RxControlTableEntry.load) [load image, compression = zero_init]
                  00000550    00000008     (.cinit..TI.bound:dmaSpi1TxControlTableEntry.load) [load image, compression = zero_init]
                  00000558    00000008     (.cinit..bss.load) [load image, compression = zero_init]
                  00000560    00000008     (.cinit..data:xdc_runtime_Memory_Module__state__V.load) [load image, compression = lzss]
                  00000568    00000007     (.cinit..data:ti_sysbios_family_arm_cc26xx_TimestampProvider_Module__state__V.load) [load image, compression = lzss]
                  0000056f    00000007     (.cinit..data:xdc_runtime_Startup_Module__state__V.load) [load image, compression = lzss]
                  00000576    00000002     --HOLE-- [fill = 0]
                  00000578    00000080     (__TI_cinit_table)

.init_array 
*          0    00000000    00000000     UNINITIALIZED

.resetVecs 
*          0    00000000    0000003c     
                  00000000    0000003c     release_pem3.oem3 (.resetVecs)

.binit     0    00000000    00000000     

.const:ti_sysbios_knl_Task_Object__PARAMS__C 
*          0    00001000    0000003c     
                  00001000    0000003c     release_pem3.oem3 (.const:ti_sysbios_knl_Task_Object__PARAMS__C)

.const:ti_sysbios_knl_Mailbox_Object__PARAMS__C 
*          0    0000103c    00000034     
                  0000103c    00000034     release_pem3.oem3 (.const:ti_sysbios_knl_Mailbox_Object__PARAMS__C)

.const:ti_sysbios_family_arm_m3_Hwi_Object__PARAMS__C 
*          0    00001070    00000030     
                  00001070    00000030     release_pem3.oem3 (.const:ti_sysbios_family_arm_m3_Hwi_Object__PARAMS__C)

.const:ti_sysbios_hal_Hwi_Object__PARAMS__C 
*          0    000010a0    0000002c     
                  000010a0    0000002c     release_pem3.oem3 (.const:ti_sysbios_hal_Hwi_Object__PARAMS__C)

.const:ti_sysbios_heaps_HeapMem_Module__FXNS__C 
*          0    000010cc    00000028     
                  000010cc    00000028     release_pem3.oem3 (.const:ti_sysbios_heaps_HeapMem_Module__FXNS__C)

.const:ti_sysbios_knl_Swi_Object__PARAMS__C 
*          0    000010f4    00000028     
                  000010f4    00000028     release_pem3.oem3 (.const:ti_sysbios_knl_Swi_Object__PARAMS__C)

.const:ti_sysbios_gates_GateHwi_Module__FXNS__C 
*          0    0000111c    00000024     
                  0000111c    00000024     release_pem3.oem3 (.const:ti_sysbios_gates_GateHwi_Module__FXNS__C)

.const:ti_sysbios_gates_GateMutex_Module__FXNS__C 
*          0    00001140    00000024     
                  00001140    00000024     release_pem3.oem3 (.const:ti_sysbios_gates_GateMutex_Module__FXNS__C)

.const:ti_sysbios_heaps_HeapMem_Object__PARAMS__C 
*          0    00001164    00000024     
                  00001164    00000024     release_pem3.oem3 (.const:ti_sysbios_heaps_HeapMem_Object__PARAMS__C)

.const:ti_sysbios_knl_Clock_Object__PARAMS__C 
*          0    00001188    00000024     
                  00001188    00000024     release_pem3.oem3 (.const:ti_sysbios_knl_Clock_Object__PARAMS__C)

.const:ti_sysbios_knl_Semaphore_Object__PARAMS__C 
*          0    000011ac    00000024     
                  000011ac    00000024     release_pem3.oem3 (.const:ti_sysbios_knl_Semaphore_Object__PARAMS__C)

.const:ti_sysbios_family_arm_m3_Hwi_Object__DESC__C 
*          0    000011d0    00000020     
                  000011d0    00000020     release_pem3.oem3 (.const:ti_sysbios_family_arm_m3_Hwi_Object__DESC__C)

.const:ti_sysbios_gates_GateHwi_Object__DESC__C 
*          0    000011f0    00000020     
                  000011f0    00000020     release_pem3.oem3 (.const:ti_sysbios_gates_GateHwi_Object__DESC__C)

.const:ti_sysbios_gates_GateMutex_Object__DESC__C 
*          0    00001210    00000020     
                  00001210    00000020     release_pem3.oem3 (.const:ti_sysbios_gates_GateMutex_Object__DESC__C)

.const:ti_sysbios_hal_Hwi_Object__DESC__C 
*          0    00001230    00000020     
                  00001230    00000020     release_pem3.oem3 (.const:ti_sysbios_hal_Hwi_Object__DESC__C)

.const:ti_sysbios_heaps_HeapMem_Object__DESC__C 
*          0    00001250    00000020     
                  00001250    00000020     release_pem3.oem3 (.const:ti_sysbios_heaps_HeapMem_Object__DESC__C)

.const:ti_sysbios_knl_Clock_Object__DESC__C 
*          0    00001270    00000020     
                  00001270    00000020     release_pem3.oem3 (.const:ti_sysbios_knl_Clock_Object__DESC__C)

.const:ti_sysbios_knl_Mailbox_Object__DESC__C 
*          0    00001290    00000020     
                  00001290    00000020     release_pem3.oem3 (.const:ti_sysbios_knl_Mailbox_Object__DESC__C)

.const:ti_sysbios_knl_Queue_Object__DESC__C 
*          0    000012b0    00000020     
                  000012b0    00000020     release_pem3.oem3 (.const:ti_sysbios_knl_Queue_Object__DESC__C)

.const:ti_sysbios_knl_Semaphore_Object__DESC__C 
*          0    000012d0    00000020     
                  000012d0    00000020     release_pem3.oem3 (.const:ti_sysbios_knl_Semaphore_Object__DESC__C)

.const:ti_sysbios_knl_Swi_Object__DESC__C 
*          0    000012f0    00000020     
                  000012f0    00000020     release_pem3.oem3 (.const:ti_sysbios_knl_Swi_Object__DESC__C)

.const:ti_sysbios_knl_Task_Object__DESC__C 
*          0    00001310    00000020     
                  00001310    00000020     release_pem3.oem3 (.const:ti_sysbios_knl_Task_Object__DESC__C)

.const:ti_sysbios_gates_GateHwi_Object__PARAMS__C 
*          0    00001330    00000018     
                  00001330    00000018     release_pem3.oem3 (.const:ti_sysbios_gates_GateHwi_Object__PARAMS__C)

.const:ti_sysbios_gates_GateMutex_Object__PARAMS__C 
*          0    00001348    00000018     
[...]
1001c2b1  ti_sysbios_knl_Clock_delete                                               
1001c2b5  ti_sysbios_knl_Clock_destruct                                             
1001c2b9  ti_sysbios_knl_Clock_removeI__E                                           
1001c2bd  ti_sysbios_knl_Clock_setTimeout__E                                        
1001c2c1  ti_sysbios_knl_Mailbox_delete                                             
1001c2c5  ti_sysbios_knl_Mailbox_destruct                                           
1001c2c9  ti_sysbios_knl_Queue_delete                                               
1001c2cd  ti_sysbios_knl_Queue_destruct                                             
1001c2d1  ti_sysbios_knl_Queue_head__E                                              
1001c2d5  ti_sysbios_knl_Queue_next__E                                              
1001c2d9  ti_sysbios_knl_Semaphore_delete                                           
1001c2dd  ti_sysbios_knl_Semaphore_destruct                                         
1001c2e1  ti_sysbios_knl_Swi_delete                                                 
1001c2e5  ti_sysbios_knl_Swi_destruct                                               
1001c2e9  ti_sysbios_knl_Swi_postInit__I                                            
1001c2ed  ti_sysbios_knl_Task_SupportProxy_Module__startupDone__S                   
1001c2f1  ti_sysbios_knl_Task_SupportProxy_getStackAlignment__E                     
1001c2f5  ti_sysbios_knl_Task_SupportProxy_start__E                                 
1001c2f9  ti_sysbios_knl_Task_SupportProxy_swap__E                                  
1001c2fd  ti_sysbios_knl_Task_delete                                                
1001c301  ti_sysbios_knl_Task_destruct                                              
1001c305  ti_sysbios_knl_Task_startup__E                                            
1001c309  xdc_runtime_Startup_startMods__I                                          
1001c401  xdc_runtime_Core_createObject__I                                          
1001c483  xdc_runtime_Error_policySpin__E                                           
1001c485  xdc_runtime_Memory_alloc__E                                               
1001c4f5  xdc_runtime_Core_deleteObject__I                                          
1001c555  xdc_runtime_Startup_exec__E                                               
1001c5a5  xdc_runtime_Assert_raise__I                                               
1001c5ed  xdc_runtime_Core_assignParams__I                                          
1001c635  xdc_runtime_Core_constructObject__I                                       
1001c67d  xdc_runtime_System_atexit__E                                              
1001c6b5  xdc_runtime_System_processAtExit__E                                       
1001c6e9  xdc_runtime_Core_assignLabel__I                                           
1001c719  xdc_runtime_Text_cordText__E                                              
1001c745  xdc_runtime_System_abort__E                                               
1001c765  xdc_runtime_Error_raiseX__E                                               
1001c781  xdc_runtime_Memory_valloc__E                                              
1001c79d  xdc_runtime_Core_destructObject__I                                        
1001c7b5  xdc_runtime_Error_check__E                                                
1001c7cd  xdc_runtime_System_exit__E                                                
1001c7e5  xdc_runtime_Text_ropeText__E                                              
1001c7fd  xdc_runtime_Memory_free__E                                                
1001c80d  xdc_runtime_SysCallback_abort__E                                          
1001c81d  xdc_runtime_SysCallback_exit__E                                           
1001c82d  xdc_runtime_Timestamp_SupportProxy_get32__E                               
1001c82d  xdc_runtime_Timestamp_get32__E                                            
1001c849  xdc_runtime_Memory_calloc__E                                              
1001c855  xdc_runtime_Memory_getMaxDefaultTypeAlign__E                              
1001c875  xdc_runtime_Gate_leaveSystem__E                                           
1001c87b  xdc_runtime_System_Module_startup__E                                      
1001c881  xdc_runtime_Gate_enterSystem__E                                           
1001c885  xdc_runtime_Memory_HeapProxy_alloc__E                                     
1001c889  xdc_runtime_Memory_HeapProxy_free__E                                      
1001c88d  xdc_runtime_System_Module_GateProxy_enter__E                              
1001c891  xdc_runtime_System_Module_GateProxy_leave__E                              
1001c895  xdc_runtime_System_abortSpin__E                                           
1001c897  xdc_runtime_System_exitSpin__E                                            
1001c899  ti_sysbios_family_arm_m3_Hwi_dispatch__I                                  
1001c969  ti_sysbios_family_arm_m3_TaskSupport_buildTaskStack                       
1001c9b5  ti_sysbios_family_arm_m3_Hwi_initStacks__E                                
1001c9fd  ti_sysbios_family_arm_m3_Hwi_excHandlerAsm__I                             
1001ca1d  ti_sysbios_family_xxx_Hwi_switchAndRunFunc                                
1001ca3b  ti_sysbios_family_arm_m3_Hwi_pendSV__I                                    
1001ca53  ti_sysbios_family_arm_m3_Hwi_return                                       
1001ca55  ti_sysbios_family_arm_m3_TaskSupport_glue                                 
1001ca65  ti_sysbios_family_arm_m3_TaskSupport_swap__E                              
1001ca6d  ti_sysbios_knl_Task_swapReturn                                            
1001ca97  ti_sysbios_rom_cortexm_cc13xx_CC13xx_getRevision__E                       
20000000  ti_sysbios_family_arm_m3_Hwi_ramVectors                                   
20000100  ti_sysbios_knl_Task_Module__state__V                                      
20000144  ti_sysbios_family_arm_m3_Hwi_Module__state__V                             
20000178  ti_sysbios_knl_Clock_Module__state__V                                     
200001a4  ti_sysbios_BIOS_Module__state__V                                          
200001c8  ti_sysbios_knl_Swi_Module__state__V                                       
200001e4  ti_sysbios_family_arm_cc26xx_Timer_Module__state__V                       
200001ec  ti_sysbios_family_arm_cc26xx_TimestampProvider_Module__state__V           
200001f0  xdc_runtime_Startup_Module__state__V                                      
200001f8  xdc_runtime_System_Module__state__V                                       
20000200  xdc_runtime_Memory_Module__state__V                                       
200011a0  ti_sysbios_knl_Task_Instance_State_0_stack__A                             
200013a0  spiCC26XXDMAObjects                                                       
20001558  uartCC26XXObjects                                                         
20001684  PIN_NumPins                                                               
20001718  PIN_HandleTable                                                           
20001928  ti_sysbios_family_arm_m3_Hwi_dispatchTable                                
20001cbc  displaySharpObject                                                        
20001d28  concentratorRadioTask                                                     
20001d78  concentratorTask                                                          
20001e70  knownSensorNodes                                                          
20001ec4  udmaObjects                                                               
20001f6c  concentratorEvent                                                         
20001f80  radioOperationEvent                                                       
20002018  displayUartObject                                                         
20002024  localNameAdvFrame                                                         
20002030  propAdvFrame                                                              
20002061  driverlib_release_0_48412                                                 
20002068  __primary_heap_start__                                                    
20003068  __primary_heap_end__                                                      
20003338  PowerCC26XX_module                                                        
2000344c  pOverrides_sl_lr                                                          
200034b4  pOverrides_hsm                                                            
20003514  pOverrides_lrm                                                            
20003570  pOverrides_ook                                                            
20003624  pOverrides_fsk                                                            
200036d0  ti_sysbios_knl_Task_Object__table__V                                      
20003720  ti_sysbios_family_arm_cc26xx_Timer_Object__table__V                       
20003768  RF_pProp_fsk                                                              
2000376c  RF_pProp_lrm                                                              
20003770  RF_pProp_ook                                                              
20003774  RF_pProp_hsm                                                              
20003778  RF_pProp_sl_lr                                                            
2000377c  RF_pProp_2_4G_fsk                                                         
20003780  RF_pCmdPropRadioDivSetup_fsk                                              
20003784  RF_pCmdPropRadioDivSetup_lrm                                              
20003788  RF_pCmdPropRadioDivSetup_ook                                              
2000378c  RF_pCmdRadioSetup_hsm                                                     
20003790  RF_pCmdPropRadioDivSetup_sl_lr                                            
20003794  RF_pCmdPropRadioSetup_2_4G_fsk                                            
20003798  RF_pCmdTxHS                                                               
2000379c  RF_pCmdRxHS                                                               
200037a0  RF_pCmdFs_preDef                                                          
200037a4  RF_pCmdPropTx_preDef                                                      
200037a8  RF_pCmdPropRxAdv_preDef                                                   
200037e4  ti_sysbios_gates_GateMutex_Object__table__V                               
2000381c  RF_cmdPropRxAdv_preDef                                                    
2000384c  ti_sysbios_knl_Swi_Module_State_0_readyQ__A                               
2000387c  ti_sysbios_knl_Swi_Object__table__V                                       
200038ac  ti_sysbios_knl_Task_Module_State_0_readyQ__A                              
200038dc  RF_cmdPropRadioDivSetup                                                   
20003904  RF_cmdPropRadioDivSetup_fsk                                               
2000392c  RF_cmdPropRadioDivSetup_lrm                                               
20003954  RF_cmdPropRadioDivSetup_ook                                               
2000397c  RF_cmdPropRadioDivSetup_sl_lr                                             
200039a4  RF_cmdRxHS                                                                
200039c8  SimpleBeacon_AdvertisementIntervals                                       
20003a0c  bleAdvNcPar                                                               
20003a2c  ti_sysbios_knl_Clock_Object__table__V                                     
20003a4c  xdc_runtime_Error_IgnoreBlock                                             
20003ac4  RF_ble_cmdBleAdvNc                                                        
20003adc  RF_ble_cmdBleGenericRx                                                    
20003af4  RF_ble_cmdFs                                                              
20003b0c  RF_ble_cmdRadioSetup                                                      
20003b24  RF_cmdFs                                                                  
20003b3c  RF_cmdFs_preDef                                                           
20003b54  RF_cmdPropTx                                                              
20003b6c  RF_cmdPropTx_preDef                                                       
20003b84  RF_cmdRadioSetup_hsm                                                      
20003bb4  shapeovr                                                                  
20003bcc  ti_sysbios_family_arm_m3_Hwi_Object__table__V                             
20003be4  ti_sysbios_heaps_HeapMem_Object__table__V                                 
20003bfc  RF_cmdTxHS                                                                
20003c10  bleGenericRxPar                                                           
20003c24  ledPinTable                                                               
20003c38  RF_pModeBle                                                               
20003c3c  RF_ble_pCmdRadioSetup                                                     
20003c40  RF_ble_pCmdFs                                                             
20003c44  RF_ble_pCmdBleAdvNc                                                       
20003c48  RF_ble_pCmdBleGenericRx                                                   
20003c4c  RF_modeBle                                                                
20003c5c  RF_prop                                                                   
20003c6c  RF_prop_fsk                                                               
20003c7c  RF_prop_hsm                                                               
20003c8c  RF_prop_lrm                                                               
20003c9c  RF_prop_ook                                                               
20003cac  RF_prop_sl_lr                                                             
20003cdc  buttonPinTable                                                            
20003cfc  _lock                                                                     
20003d00  _unlock                                                                   
20003d04  ti_sysbios_family_arm_m3_Hwi_Module__root__V                              
20003d0c  ti_sysbios_gates_GateHwi_Module__root__V                                  
20003d14  ti_sysbios_gates_GateMutex_Module__root__V                                
20003d1c  ti_sysbios_hal_Hwi_Module__root__V                                        
20003d24  ti_sysbios_heaps_HeapMem_Module__root__V                                  
20003d2c  ti_sysbios_knl_Clock_Module__root__V                                      
20003d34  ti_sysbios_knl_Event_Module__root__V                                      
20003d3c  ti_sysbios_knl_Mailbox_Module__root__V                                    
20003d44  ti_sysbios_knl_Queue_Module__root__V                                      
20003d4c  ti_sysbios_knl_Semaphore_Module__root__V                                  
20003d54  ti_sysbios_knl_Swi_Module__root__V                                        
20003d5c  ti_sysbios_knl_Task_Module__root__V                                       
20003d64  xdc_runtime_System_Module_State_0_atexitHandlers__A                       
20003d72  ti_sysbios_family_arm_m3_Hwi_Module_State_0_excActive__A                  
20003d7c  main_func_sp                                                              
20003d80  ti_sysbios_family_arm_m3_Hwi_Module_State_0_excContext__A                 
20003d84  ti_sysbios_family_arm_m3_Hwi_Module_State_0_excStack__A                   
20003d88  ti_sysbios_knl_Task_Module_State_0_idleTask__A                            
20004c00  __stack                                                                   
20005000  __STACK_END                                                               
e000e000  ti_sysbios_family_arm_m3_Hwi_nvic                                         
ffffffff  __TI_pprof_out_hndl                                                       
ffffffff  __TI_prof_data_size                                                       
ffffffff  __TI_prof_data_start                                                      
ffffffff  __binit__                                                                 
ffffffff  __c_args__                                                                
ffffffff  binit                                                                     
UNDEFED   HwiP_restore                                                              
UNDEFED   SHT$$INIT_ARRAY$$Base                                                     
UNDEFED   SHT$$INIT_ARRAY$$Limit                                                    
UNDEFED   ti_sysbios_BIOS_RtsGateProxy_Handle__label__S__mangled__                  
UNDEFED   ti_sysbios_BIOS_RtsGateProxy_Params__init__S__mangled__                   
UNDEFED   ti_sysbios_BIOS_RtsGateProxy_query__E__mangled__                          
UNDEFED   ti_sysbios_hal_Hwi_HwiProxy_Module__startupDone__S__mangled__             
UNDEFED   ti_sysbios_hal_Hwi_HwiProxy_Params__init__S__mangled__                    
UNDEFED   ti_sysbios_hal_Hwi_HwiProxy_disableInterrupt__E__mangled__                
UNDEFED   ti_sysbios_hal_Hwi_HwiProxy_enableInterrupt__E__mangled__                 
UNDEFED   ti_sysbios_hal_Hwi_HwiProxy_getStackInfo__E__mangled__                    
UNDEFED   ti_sysbios_hal_Hwi_HwiProxy_startup__E__mangled__                         
UNDEFED   ti_sysbios_hal_Hwi_HwiProxy_switchFromBootStack__E__mangled__             
UNDEFED   ti_sysbios_hal_Hwi_disableInterrupt__E                                    
UNDEFED   ti_sysbios_hal_Hwi_enableInterrupt__E                                     
UNDEFED   ti_sysbios_hal_Hwi_getStackInfo__E                                        
UNDEFED   ti_sysbios_hal_Hwi_startup__E                                             
UNDEFED   ti_sysbios_hal_Hwi_switchFromBootStack__E                                 
UNDEFED   ti_sysbios_heaps_HeapMem_Module_GateProxy_Handle__label__S__mangled__     
UNDEFED   ti_sysbios_heaps_HeapMem_Module_GateProxy_Params__init__S__mangled__      
UNDEFED   ti_sysbios_heaps_HeapMem_Module_GateProxy_query__E__mangled__             
UNDEFED   ti_sysbios_knl_Clock_TimerProxy_Module__startupDone__S__mangled__         
UNDEFED   ti_sysbios_knl_Clock_TimerProxy_startup__E__mangled__                     
UNDEFED   ti_sysbios_knl_Task_SupportProxy_Module__startupDone__S__mangled__        
UNDEFED   ti_sysbios_knl_Task_SupportProxy_getStackAlignment__E__mangled__          
UNDEFED   ti_sysbios_knl_Task_SupportProxy_start__E__mangled__                      
UNDEFED   ti_sysbios_knl_Task_SupportProxy_swap__E__mangled__                       
UNDEFED   xdc_runtime_Main_Module_GateProxy_Handle__label__S                        
UNDEFED   xdc_runtime_Main_Module_GateProxy_query__E                                
UNDEFED   xdc_runtime_Memory_HeapProxy_Handle__label__S__mangled__                  
UNDEFED   xdc_runtime_System_Module_GateProxy_Handle__label__S__mangled__           
UNDEFED   xdc_runtime_System_Module_GateProxy_query__E__mangled__                   
UNDEFED   xdc_runtime_System_SupportProxy_abort__E                                  
UNDEFED   xdc_runtime_System_SupportProxy_exit__E                                   
UNDEFED   xdc_runtime_Timestamp_SupportProxy_get64__E__mangled__                    
UNDEFED   xdc_runtime_Timestamp_SupportProxy_getFreq__E__mangled__                  
UNDEFED   xdc_runtime_Timestamp_get32__E                                            
UNDEFED   xdc_runtime_Timestamp_get64__E                                            
UNDEFED   xdc_runtime_Timestamp_getFreq__E                                          

[956 symbols]
